Archive member included to satisfy reference by file (symbol)

c:/microsemi/softconsole_v5.2/arm-none-eabi-gcc/bin/../lib/gcc/arm-none-eabi/6.3.1/../../../../arm-none-eabi/lib/thumb/v7-m\libg_nano.a(lib_a-errno.o)
                              ./CMSIS/startup_gcc/newlib_stubs.o (__errno)
c:/microsemi/softconsole_v5.2/arm-none-eabi-gcc/bin/../lib/gcc/arm-none-eabi/6.3.1/../../../../arm-none-eabi/lib/thumb/v7-m\libg_nano.a(lib_a-exit.o)
                              c:/microsemi/softconsole_v5.2/arm-none-eabi-gcc/bin/../lib/gcc/arm-none-eabi/6.3.1/../../../../arm-none-eabi/lib/thumb/v7-m/crt0.o (exit)
c:/microsemi/softconsole_v5.2/arm-none-eabi-gcc/bin/../lib/gcc/arm-none-eabi/6.3.1/../../../../arm-none-eabi/lib/thumb/v7-m\libg_nano.a(lib_a-impure.o)
                              c:/microsemi/softconsole_v5.2/arm-none-eabi-gcc/bin/../lib/gcc/arm-none-eabi/6.3.1/../../../../arm-none-eabi/lib/thumb/v7-m\libg_nano.a(lib_a-exit.o) (_global_impure_ptr)
c:/microsemi/softconsole_v5.2/arm-none-eabi-gcc/bin/../lib/gcc/arm-none-eabi/6.3.1/../../../../arm-none-eabi/lib/thumb/v7-m\libg_nano.a(lib_a-init.o)
                              c:/microsemi/softconsole_v5.2/arm-none-eabi-gcc/bin/../lib/gcc/arm-none-eabi/6.3.1/../../../../arm-none-eabi/lib/thumb/v7-m/crt0.o (__libc_init_array)
c:/microsemi/softconsole_v5.2/arm-none-eabi-gcc/bin/../lib/gcc/arm-none-eabi/6.3.1/../../../../arm-none-eabi/lib/thumb/v7-m\libg_nano.a(lib_a-memcmp.o)
                              ./FreeRTOS/tasks.o (memcmp)
c:/microsemi/softconsole_v5.2/arm-none-eabi-gcc/bin/../lib/gcc/arm-none-eabi/6.3.1/../../../../arm-none-eabi/lib/thumb/v7-m\libg_nano.a(lib_a-memcpy-stub.o)
                              ./drivers/mss_sys_services/mss_sys_services.o (memcpy)
c:/microsemi/softconsole_v5.2/arm-none-eabi-gcc/bin/../lib/gcc/arm-none-eabi/6.3.1/../../../../arm-none-eabi/lib/thumb/v7-m\libg_nano.a(lib_a-memset.o)
                              c:/microsemi/softconsole_v5.2/arm-none-eabi-gcc/bin/../lib/gcc/arm-none-eabi/6.3.1/../../../../arm-none-eabi/lib/thumb/v7-m/crt0.o (memset)
c:/microsemi/softconsole_v5.2/arm-none-eabi-gcc/bin/../lib/gcc/arm-none-eabi/6.3.1/../../../../arm-none-eabi/lib/thumb/v7-m\libg_nano.a(lib_a-printf.o)
                              ./standalone_task.o (printf)
c:/microsemi/softconsole_v5.2/arm-none-eabi-gcc/bin/../lib/gcc/arm-none-eabi/6.3.1/../../../../arm-none-eabi/lib/thumb/v7-m\libg_nano.a(lib_a-puts.o)
                              ./i2c.o (puts)
c:/microsemi/softconsole_v5.2/arm-none-eabi-gcc/bin/../lib/gcc/arm-none-eabi/6.3.1/../../../../arm-none-eabi/lib/thumb/v7-m\libg_nano.a(lib_a-sprintf.o)
                              ./FreeRTOS/tasks.o (sprintf)
c:/microsemi/softconsole_v5.2/arm-none-eabi-gcc/bin/../lib/gcc/arm-none-eabi/6.3.1/../../../../arm-none-eabi/lib/thumb/v7-m\libg_nano.a(lib_a-strcat.o)
                              ./FreeRTOS/tasks.o (strcat)
c:/microsemi/softconsole_v5.2/arm-none-eabi-gcc/bin/../lib/gcc/arm-none-eabi/6.3.1/../../../../arm-none-eabi/lib/thumb/v7-m\libg_nano.a(lib_a-strlen.o)
                              ./FreeRTOS/tasks.o (strlen)
c:/microsemi/softconsole_v5.2/arm-none-eabi-gcc/bin/../lib/gcc/arm-none-eabi/6.3.1/../../../../arm-none-eabi/lib/thumb/v7-m\libg_nano.a(lib_a-strncpy.o)
                              ./FreeRTOS/tasks.o (strncpy)
c:/microsemi/softconsole_v5.2/arm-none-eabi-gcc/bin/../lib/gcc/arm-none-eabi/6.3.1/../../../../arm-none-eabi/lib/thumb/v7-m\libg_nano.a(lib_a-wbuf.o)
                              c:/microsemi/softconsole_v5.2/arm-none-eabi-gcc/bin/../lib/gcc/arm-none-eabi/6.3.1/../../../../arm-none-eabi/lib/thumb/v7-m\libg_nano.a(lib_a-puts.o) (__swbuf_r)
c:/microsemi/softconsole_v5.2/arm-none-eabi-gcc/bin/../lib/gcc/arm-none-eabi/6.3.1/../../../../arm-none-eabi/lib/thumb/v7-m\libg_nano.a(lib_a-wsetup.o)
                              c:/microsemi/softconsole_v5.2/arm-none-eabi-gcc/bin/../lib/gcc/arm-none-eabi/6.3.1/../../../../arm-none-eabi/lib/thumb/v7-m\libg_nano.a(lib_a-puts.o) (__swsetup_r)
c:/microsemi/softconsole_v5.2/arm-none-eabi-gcc/bin/../lib/gcc/arm-none-eabi/6.3.1/../../../../arm-none-eabi/lib/thumb/v7-m\libg_nano.a(lib_a-fflush.o)
                              c:/microsemi/softconsole_v5.2/arm-none-eabi-gcc/bin/../lib/gcc/arm-none-eabi/6.3.1/../../../../arm-none-eabi/lib/thumb/v7-m\libg_nano.a(lib_a-wbuf.o) (_fflush_r)
c:/microsemi/softconsole_v5.2/arm-none-eabi-gcc/bin/../lib/gcc/arm-none-eabi/6.3.1/../../../../arm-none-eabi/lib/thumb/v7-m\libg_nano.a(lib_a-findfp.o)
                              c:/microsemi/softconsole_v5.2/arm-none-eabi-gcc/bin/../lib/gcc/arm-none-eabi/6.3.1/../../../../arm-none-eabi/lib/thumb/v7-m\libg_nano.a(lib_a-printf.o) (__sinit)
c:/microsemi/softconsole_v5.2/arm-none-eabi-gcc/bin/../lib/gcc/arm-none-eabi/6.3.1/../../../../arm-none-eabi/lib/thumb/v7-m\libg_nano.a(lib_a-fwalk.o)
[...]
Memory Configuration

Name             Origin             Length             Attributes
rom              0x60000000         0x00040000         xr
romMirror        0x00000000         0x00040000         xr
ram              0x20000000         0x00010000         xrw
*default*        0x00000000         0xffffffff

Linker script and memory map

LOAD c:/microsemi/softconsole_v5.2/arm-none-eabi-gcc/bin/../lib/gcc/arm-none-eabi/6.3.1/thumb/v7-m/crti.o
LOAD c:/microsemi/softconsole_v5.2/arm-none-eabi-gcc/bin/../lib/gcc/arm-none-eabi/6.3.1/thumb/v7-m/crtbegin.o
LOAD c:/microsemi/softconsole_v5.2/arm-none-eabi-gcc/bin/../lib/gcc/arm-none-eabi/6.3.1/../../../../arm-none-eabi/lib/thumb/v7-m/crt0.o
LOAD ./hal/CortexM3/GNU/hal.o
LOAD ./hal/CortexM3/GNU/hw_reg_access.o
LOAD ./hal/CortexM3/cortex_nvic.o
LOAD ./drivers_config/sys_config/sys_config.o
LOAD ./drivers/mss_uart/mss_uart.o
LOAD ./drivers/mss_sys_services/mss_comblk.o
LOAD ./drivers/mss_sys_services/mss_sys_services.o
LOAD ./drivers/mss_spi/mss_spi.o
LOAD ./drivers/mss_nvm/mss_nvm.o
LOAD ./drivers/mss_i2c/mss_i2c.o
LOAD ./drivers/mss_hpdma/mss_hpdma.o
LOAD ./drivers/mss_gpio/mss_gpio.o
LOAD ./drivers/CorePWM/core_pwm.o
LOAD ./drivers/CoreI2C/core_i2c.o
LOAD ./drivers/CoreI2C/i2c_interrupt.o
LOAD ./drivers/CoreGPIO/core_gpio.o
LOAD ./FreeRTOS/portable/MemMang/heap_2.o
LOAD ./FreeRTOS/portable/GCC/ARM_CM3/port.o
LOAD ./FreeRTOS/croutine.o
LOAD ./FreeRTOS/list.o
LOAD ./FreeRTOS/queue.o
LOAD ./FreeRTOS/tasks.o
LOAD ./FreeRTOS/timers.o
LOAD ./CMSIS/startup_gcc/newlib_stubs.o
LOAD ./CMSIS/startup_gcc/startup_m2sxxx.o
LOAD ./CMSIS/system_m2sxxx.o
LOAD ./gpio_task.o
LOAD ./i2c.o
LOAD ./lcd.o
LOAD ./main.o
LOAD ./pwm_task.o
LOAD ./spi.o
LOAD ./standalone_task.o
START GROUP
LOAD c:/microsemi/softconsole_v5.2/arm-none-eabi-gcc/bin/../lib/gcc/arm-none-eabi/6.3.1/thumb/v7-m\libgcc.a
LOAD c:/microsemi/softconsole_v5.2/arm-none-eabi-gcc/bin/../lib/gcc/arm-none-eabi/6.3.1/../../../../arm-none-eabi/lib/thumb/v7-m\libg_nano.a
LOAD c:/microsemi/softconsole_v5.2/arm-none-eabi-gcc/bin/../lib/gcc/arm-none-eabi/6.3.1/../../../../arm-none-eabi/lib/thumb/v7-m\libc_nano.a
END GROUP
START GROUP
LOAD c:/microsemi/softconsole_v5.2/arm-none-eabi-gcc/bin/../lib/gcc/arm-none-eabi/6.3.1/thumb/v7-m\libgcc.a
LOAD c:/microsemi/softconsole_v5.2/arm-none-eabi-gcc/bin/../lib/gcc/arm-none-eabi/6.3.1/../../../../arm-none-eabi/lib/thumb/v7-m\libc_nano.a
END GROUP
LOAD c:/microsemi/softconsole_v5.2/arm-none-eabi-gcc/bin/../lib/gcc/arm-none-eabi/6.3.1/thumb/v7-m/crtend.o
LOAD c:/microsemi/softconsole_v5.2/arm-none-eabi-gcc/bin/../lib/gcc/arm-none-eabi/6.3.1/thumb/v7-m/crtn.o
START GROUP
LOAD c:/microsemi/softconsole_v5.2/arm-none-eabi-gcc/bin/../lib/gcc/arm-none-eabi/6.3.1/../../../../arm-none-eabi/lib/thumb/v7-m\libc.a
LOAD c:/microsemi/softconsole_v5.2/arm-none-eabi-gcc/bin/../lib/gcc/arm-none-eabi/6.3.1/thumb/v7-m\libgcc.a
LOAD c:/microsemi/softconsole_v5.2/arm-none-eabi-gcc/bin/../lib/gcc/arm-none-eabi/6.3.1/../../../../arm-none-eabi/lib/thumb/v7-m\libm.a
END GROUP
                0x00000000                __DYNAMIC = 0x0
                0x20000000                RAM_START_ADDRESS = 0x20000000
                0x00010000                RAM_SIZE = 0x10000
                0x00001000                MAIN_STACK_SIZE = 0x1000
                0x00001000                MIN_SIZE_HEAP = 0x1000
                0x20010000                PROVIDE (__main_stack_start, (RAM_START_ADDRESS + RAM_SIZE))
                [!provide]                PROVIDE (_estack, __main_stack_start)
                0x00000001                PROVIDE (__mirrored_nvm, 0x1)
                0x00000000                PROVIDE (__smartfusion2_memory_remap, 0x0)

.vector_table   0x00000000      0x190 load address 0x60000000
                0x60000000                __vector_table_load = LOADADDR (.vector_table)
                0x00000000                __vector_table_start = .
                0x00000000                __vector_table_vma_base_address = .
 *(.isr_vector)
 .isr_vector    0x00000000      0x190 ./CMSIS/startup_gcc/startup_m2sxxx.o
                0x00000000                g_pfnVectors
                0x00000190                . = ALIGN (0x10)
                0x00000190                _evector_table = .

.boot_code      0x00000190      0x570 load address 0x60000190
 *(.boot_code)
 .boot_code     0x00000190      0x31c ./CMSIS/startup_gcc/startup_m2sxxx.o
                0x00000190                Reset_Handler
                0x0000037e                NMI_Handler
                0x00000380                HardFault_Handler
                0x00000382                MemManage_Handler
                0x00000384                BusFault_Handler
                0x00000386                UsageFault_Handler
                0x0000038a                DebugMon_Handler
                0x00000390                WdogWakeup_IRQHandler
                0x00000392                RTC_Wakeup_IRQHandler
                0x0000039a                I2C0_SMBAlert_IRQHandler
                0x0000039c                I2C0_SMBus_IRQHandler
                0x000003a0                I2C1_SMBAlert_IRQHandler
                0x000003a2                I2C1_SMBus_IRQHandler
                0x000003a8                EthernetMAC_IRQHandler
                0x000003aa                DMA_IRQHandler
                0x000003ac                Timer1_IRQHandler
                0x000003ae                Timer2_IRQHandler
                0x000003b0                CAN_IRQHandler
                0x000003b2                ENVM0_IRQHandler
                0x000003b4                ENVM1_IRQHandler
                0x000003b8                USB_IRQHandler
                0x000003ba                USB_DMA_IRQHandler
                0x000003bc                PLL_Lock_IRQHandler
                0x000003be                PLL_LockLost_IRQHandler
                0x000003c0                CommSwitchError_IRQHandler
                0x000003c2                CacheError_IRQHandler
                0x000003c4                DDR_IRQHandler
                0x000003ca                ECC_Error_IRQHandler
                0x000003cc                MDDR_IOCalib_IRQHandler
                0x000003ce                FAB_PLL_Lock_IRQHandler
                0x000003d0                FAB_PLL_LockLost_IRQHandler
                0x000003d2                FIC64_IRQHandler
                0x000003d6                FabricIrq1_IRQHandler
                0x000003d8                FabricIrq2_IRQHandler
                0x000003da                FabricIrq3_IRQHandler
                0x000003dc                FabricIrq4_IRQHandler
                0x000003de                FabricIrq5_IRQHandler
                0x000003e0                FabricIrq6_IRQHandler
                0x000003e2                FabricIrq7_IRQHandler
                0x000003e4                FabricIrq8_IRQHandler
                0x000003e6                FabricIrq9_IRQHandler
                0x000003e8                FabricIrq10_IRQHandler
                0x000003ea                FabricIrq11_IRQHandler
                0x000003ec                FabricIrq12_IRQHandler
                0x000003ee                FabricIrq13_IRQHandler
                0x000003f0                FabricIrq14_IRQHandler
                0x000003f2                FabricIrq15_IRQHandler
                0x000003f4                GPIO0_IRQHandler
                0x000003f6                GPIO1_IRQHandler
                0x000003f8                GPIO2_IRQHandler
                0x000003fa                GPIO3_IRQHandler
                0x000003fc                GPIO4_IRQHandler
                0x000003fe                GPIO5_IRQHandler
                0x00000400                GPIO6_IRQHandler
                0x00000402                GPIO7_IRQHandler
                0x00000404                GPIO8_IRQHandler
                0x00000406                GPIO9_IRQHandler
                0x00000408                GPIO10_IRQHandler
                0x0000040a                GPIO11_IRQHandler
                0x0000040c                GPIO12_IRQHandler
                0x0000040e                GPIO13_IRQHandler
                0x00000410                GPIO14_IRQHandler
                0x00000412                GPIO15_IRQHandler
                0x00000414                GPIO16_IRQHandler
                0x00000416                GPIO17_IRQHandler
                0x00000418                GPIO18_IRQHandler
                0x0000041a                GPIO19_IRQHandler
                0x0000041c                GPIO20_IRQHandler
                0x0000041e                GPIO21_IRQHandler
                0x00000420                GPIO22_IRQHandler
                0x00000422                GPIO23_IRQHandler
                0x00000424                GPIO24_IRQHandler
                0x00000426                GPIO25_IRQHandler
                0x00000428                GPIO26_IRQHandler
                0x0000042a                GPIO27_IRQHandler
                0x0000042c                GPIO28_IRQHandler
                0x0000042e                GPIO29_IRQHandler
                0x00000430                GPIO30_IRQHandler
                0x00000432                GPIO31_IRQHandler
                0x00000434                mscc_post_hw_cfg_init
 *system_m2sxxx.o(.text*)
 .text.SystemInit
                0x000004ac       0x20 ./CMSIS/system_m2sxxx.o
                0x000004ac                SystemInit
 .text.SystemCoreClockUpdate
                0x000004cc       0xf8 ./CMSIS/system_m2sxxx.o
                0x000004cc                SystemCoreClockUpdate
 .text.get_rcosc_25_50mhz_frequency
                0x000005c4       0x3c ./CMSIS/system_m2sxxx.o
 .text.set_clock_frequency_globals
                0x00000600       0x5c ./CMSIS/system_m2sxxx.o
 .text.get_silicon_revision
                0x0000065c       0x48 ./CMSIS/system_m2sxxx.o
 .text.silicon_workarounds
                0x000006a4       0x22 ./CMSIS/system_m2sxxx.o
 *fill*         0x000006c6        0x2 
 .text.m2s050_rev_a_workarounds
                0x000006c8       0x30 ./CMSIS/system_m2sxxx.o
 *sys_config.o(.rodata*)
                0x00000700                . = ALIGN (0x10)
 *fill*         0x000006f8        0x8 

.text           0x00000700     0x7ce0 load address 0x60000700
 CREATE_OBJECT_SYMBOLS
                0x60000700                __text_load = LOADADDR (.text)
                0x00000700                __text_start = .
 *(.text .text.* .gnu.linkonce.t.*)
 .text          0x00000700       0x6c c:/microsemi/softconsole_v5.2/arm-none-eabi-gcc/bin/../lib/gcc/arm-none-eabi/6.3.1/thumb/v7-m/crtbegin.o
 .text          0x0000076c        0xe ./hal/CortexM3/GNU/hal.o
                0x0000076c                HAL_disable_interrupts
                0x00000774                HAL_restore_interrupts
 .text          0x0000077a       0x90 ./hal/CortexM3/GNU/hw_reg_access.o
                0x0000077a                HW_set_32bit_reg
                0x0000077e                HW_get_32bit_reg
                0x00000782                HW_set_32bit_reg_field
                0x0000079e                HW_get_32bit_reg_field
                0x000007aa                HW_set_16bit_reg
                0x000007ae                HW_get_16bit_reg
                0x000007b2                HW_set_16bit_reg_field
                0x000007ce                HW_get_16bit_reg_field
                0x000007da                HW_set_8bit_reg
                0x000007de                HW_get_8bit_reg
                0x000007e2                HW_set_8bit_reg_field
                0x000007fe                HW_get_8bit_reg_field
 *fill*         0x0000080a        0x2 
 .text.NVIC_EnableIRQ
                0x0000080c       0x30 ./drivers/mss_uart/mss_uart.o
 .text.NVIC_ClearPendingIRQ
                0x0000083c       0x34 ./drivers/mss_uart/mss_uart.o
 .text.set_bit_reg8
                0x00000870       0x3a ./drivers/mss_uart/mss_uart.o
 .text.clear_bit_reg8
                0x000008aa       0x3a ./drivers/mss_uart/mss_uart.o
 .text.read_bit_reg8
                0x000008e4       0x38 ./drivers/mss_uart/mss_uart.o
 .text.MSS_UART_init
                0x0000091c       0x70 ./drivers/mss_uart/mss_uart.o
                0x0000091c                MSS_UART_init
 .text.MSS_UART_polled_tx
                0x0000098c       0xc4 ./drivers/mss_uart/mss_uart.o
                0x0000098c                MSS_UART_polled_tx
 .text.MSS_UART_get_rx
                0x00000a50       0xbc ./drivers/mss_uart/mss_uart.o
                0x00000a50                MSS_UART_get_rx
 .text.MSS_UART_enable_irq
                0x00000b0c       0xa4 ./drivers/mss_uart/mss_uart.o
                0x00000b0c                MSS_UART_enable_irq
 .text.MSS_UART_set_rx_handler
                0x00000bb0       0xa8 ./drivers/mss_uart/mss_uart.o
                0x00000bb0                MSS_UART_set_rx_handler
 .text.UART0_IRQHandler
                0x00000c58       0x24 ./drivers/mss_uart/mss_uart.o
                0x00000c58                UART0_IRQHandler
 .text.UART1_IRQHandler
                0x00000c7c       0x24 ./drivers/mss_uart/mss_uart.o
                0x00000c7c                UART1_IRQHandler
 .text.config_baud_divisors
                0x00000ca0      0x14c ./drivers/mss_uart/mss_uart.o
 .text.global_init
                0x00000dec      0x1d8 ./drivers/mss_uart/mss_uart.o
 .text.MSS_UART_isr
                0x00000fc4      0x204 ./drivers/mss_uart/mss_uart.o
 .text.default_tx_handler
                0x000011c8       0xe8 ./drivers/mss_uart/mss_uart.o
 .text.NVIC_EnableIRQ
                0x000012b0       0x30 ./drivers/mss_sys_services/mss_comblk.o
 .text.NVIC_DisableIRQ
                0x000012e0       0x34 ./drivers/mss_sys_services/mss_comblk.o
 .text.NVIC_ClearPendingIRQ
                0x00001314       0x34 ./drivers/mss_sys_services/mss_comblk.o
 .text.MSS_COMBLK_init
                0x00001348       0xd8 ./drivers/mss_sys_services/mss_comblk.o
                0x00001348                MSS_COMBLK_init
 .text.ComBlk_IRQHandler
                0x00001420       0x48 ./drivers/mss_sys_services/mss_comblk.o
                0x00001420                ComBlk_IRQHandler
 .text.handle_tx_okay_irq
                0x00001468      0x1ac ./drivers/mss_sys_services/mss_comblk.o
 .text.handle_rx_okay_irq
                0x00001614      0x210 ./drivers/mss_sys_services/mss_comblk.o
 .text.complete_request
                0x00001824       0x40 ./drivers/mss_sys_services/mss_comblk.o
 .text.abort_current_cmd
                0x00001864       0x4c ./drivers/mss_sys_services/mss_comblk.o
 .text.fill_tx_fifo
                0x000018b0       0x60 ./drivers/mss_sys_services/mss_comblk.o
 .text.process_sys_ctrl_command
                0x00001910       0x28 ./drivers/mss_sys_services/mss_comblk.o
 .text.MSS_SYS_init
                0x00001938       0x50 ./drivers/mss_sys_services/mss_sys_services.o
                0x00001938                MSS_SYS_init
 .text.asynchronous_event_handler
                0x00001988       0xe4 ./drivers/mss_sys_services/mss_sys_services.o
 .text.determine_seq
                0x00001a6c       0xac ./drivers/mss_sys_services/mss_sys_services.o
 .text.revert_clk_config
                0x00001b18      0x1c0 ./drivers/mss_sys_services/mss_sys_services.o
 .text.NVIC_EnableIRQ
                0x00001cd8       0x30 ./drivers/mss_spi/mss_spi.o
 .text.NVIC_DisableIRQ
                0x00001d08       0x34 ./drivers/mss_spi/mss_spi.o
 .text.NVIC_ClearPendingIRQ
                0x00001d3c       0x34 ./drivers/mss_spi/mss_spi.o
 .text.MSS_SPI_init
                0x00001d70       0xe4 ./drivers/mss_spi/mss_spi.o
                0x00001d70                MSS_SPI_init
 .text.recover_from_rx_overflow
                0x00001e54      0x128 ./drivers/mss_spi/mss_spi.o
 .text.MSS_SPI_configure_master_mode
                0x00001f7c      0x130 ./drivers/mss_spi/mss_spi.o
                0x00001f7c                MSS_SPI_configure_master_mode
 .text.MSS_SPI_set_slave_select
                0x000020ac       0xf0 ./drivers/mss_spi/mss_spi.o
                0x000020ac                MSS_SPI_set_slave_select
 .text.MSS_SPI_clear_slave_select
                0x0000219c       0x88 ./drivers/mss_spi/mss_spi.o
                0x0000219c                MSS_SPI_clear_slave_select
 .text.MSS_SPI_transfer_block
                0x00002224      0x1f4 ./drivers/mss_spi/mss_spi.o
                0x00002224                MSS_SPI_transfer_block
 .text.fill_slave_tx_fifo
                0x00002418       0xd6 ./drivers/mss_spi/mss_spi.o
 .text.read_slave_rx_fifo
                0x000024ee       0xa6 ./drivers/mss_spi/mss_spi.o
 .text.mss_spi_isr
                0x00002594      0x280 ./drivers/mss_spi/mss_spi.o
 .text.SPI0_IRQHandler
                0x00002814       0x24 ./drivers/mss_spi/mss_spi.o
                0x00002814                SPI0_IRQHandler
 .text.SPI1_IRQHandler
                0x00002838       0x24 ./drivers/mss_spi/mss_spi.o
                0x00002838                SPI1_IRQHandler
 .text.NVIC_EnableIRQ
                0x0000285c       0x30 ./drivers/mss_i2c/mss_i2c.o
 .text.NVIC_DisableIRQ
                0x0000288c       0x34 ./drivers/mss_i2c/mss_i2c.o
 .text.NVIC_ClearPendingIRQ
                0x000028c0       0x34 ./drivers/mss_i2c/mss_i2c.o
 .text.MSS_I2C_init
                0x000028f4      0x118 ./drivers/mss_i2c/mss_i2c.o
                0x000028f4                MSS_I2C_init
 .text.MSS_I2C_write
                0x00002a0c       0xe0 ./drivers/mss_i2c/mss_i2c.o
                0x00002a0c                MSS_I2C_write
 .text.MSS_I2C_write_read
                0x00002aec      0x11c ./drivers/mss_i2c/mss_i2c.o
                0x00002aec                MSS_I2C_write_read
 .text.MSS_I2C_get_status
                0x00002c08       0x38 ./drivers/mss_i2c/mss_i2c.o
                0x00002c08                MSS_I2C_get_status
 .text.MSS_I2C_wait_complete
                0x00002c40       0x44 ./drivers/mss_i2c/mss_i2c.o
                0x00002c40                MSS_I2C_wait_complete
 .text.enable_slave_if_required
                0x00002c84       0x24 ./drivers/mss_i2c/mss_i2c.o
 .text.mss_i2c_isr
                0x00002ca8      0x854 ./drivers/mss_i2c/mss_i2c.o
 .text.disable_interrupts
                0x000034fc       0x26 ./drivers/mss_i2c/mss_i2c.o
 .text.restore_interrupts
                0x00003522       0x1c ./drivers/mss_i2c/mss_i2c.o
 *fill*         0x0000353e        0x2 
 .text.I2C0_IRQHandler
                0x00003540       0x24 ./drivers/mss_i2c/mss_i2c.o
                0x00003540                I2C0_IRQHandler
 .text.I2C1_IRQHandler
                0x00003564       0x24 ./drivers/mss_i2c/mss_i2c.o
                0x00003564                I2C1_IRQHandler
 .text.start_transfer
                0x00003588      0x150 ./drivers/mss_hpdma/mss_hpdma.o
 .text.HPDMA_Complete_IRQHandler
                0x000036d8       0xf8 ./drivers/mss_hpdma/mss_hpdma.o
                0x000036d8                HPDMA_Complete_IRQHandler
 .text.HPDMA_Error_IRQHandler
                0x000037d0      0x100 ./drivers/mss_hpdma/mss_hpdma.o
                0x000037d0                HPDMA_Error_IRQHandler
 .text.NVIC_DisableIRQ
                0x000038d0       0x34 ./drivers/mss_gpio/mss_gpio.o
 .text.NVIC_ClearPendingIRQ
                0x00003904       0x34 ./drivers/mss_gpio/mss_gpio.o
 .text.MSS_GPIO_init
                0x00003938       0x78 ./drivers/mss_gpio/mss_gpio.o
                0x00003938                MSS_GPIO_init
 .text.MSS_GPIO_config
                0x000039b0       0x38 ./drivers/mss_gpio/mss_gpio.o
                0x000039b0                MSS_GPIO_config
 .text.MSS_GPIO_set_output
                0x000039e8       0x64 ./drivers/mss_gpio/mss_gpio.o
                0x000039e8                MSS_GPIO_set_output
 .text.PWM_init
                0x00003a4c      0x13a ./drivers/CorePWM/core_pwm.o
                0x00003a4c                PWM_init
 *fill*         0x00003b86        0x2 
 .text.PWM_enable
                0x00003b88       0x94 ./drivers/CorePWM/core_pwm.o
                0x00003b88                PWM_enable
 .text.PWM_disable
                0x00003c1c       0x9c ./drivers/CorePWM/core_pwm.o
                0x00003c1c                PWM_disable
 .text.PWM_set_duty_cycle
                0x00003cb8       0xac ./drivers/CorePWM/core_pwm.o
                0x00003cb8                PWM_set_duty_cycle
 .text.I2C_init
                0x00003d64       0xc4 ./drivers/CoreI2C/core_i2c.o
                0x00003d64                I2C_init
 .text.enable_slave_if_required
                0x00003e28       0x28 ./drivers/CoreI2C/core_i2c.o
 .text.I2C_isr  0x00003e50      0x940 ./drivers/CoreI2C/core_i2c.o
                0x00003e50                I2C_isr
 .text.NVIC_DisableIRQ
                0x00004790       0x34 ./drivers/CoreI2C/i2c_interrupt.o
 .text.I2C_disable_irq
                0x000047c4       0x24 ./drivers/CoreI2C/i2c_interrupt.o
                0x000047c4                I2C_disable_irq
 .text.GPIO_init
                0x000047e8       0xd2 ./drivers/CoreGPIO/core_gpio.o
                0x000047e8                GPIO_init
 .text.GPIO_config
                0x000048ba       0x4e ./drivers/CoreGPIO/core_gpio.o
                0x000048ba                GPIO_config
 .text.GPIO_set_output
                0x00004908      0x18a ./drivers/CoreGPIO/core_gpio.o
                0x00004908                GPIO_set_output
 .text.GPIO_drive_inout
                0x00004a92       0xca ./drivers/CoreGPIO/core_gpio.o
                0x00004a92                GPIO_drive_inout
 .text.pvPortMalloc
                0x00004b5c      0x150 ./FreeRTOS/portable/MemMang/heap_2.o
                0x00004b5c                pvPortMalloc
 .text.vPortFree
                0x00004cac       0x74 ./FreeRTOS/portable/MemMang/heap_2.o
                0x00004cac                vPortFree
 .text.pxPortInitialiseStack
                0x00004d20       0x50 ./FreeRTOS/portable/GCC/ARM_CM3/port.o
                0x00004d20                pxPortInitialiseStack
 .text.SVC_Handler
                0x00004d70       0x24 ./FreeRTOS/portable/GCC/ARM_CM3/port.o
                0x00004d70                SVC_Handler
 .text.vPortStartFirstTask
                0x00004d94       0x18 ./FreeRTOS/portable/GCC/ARM_CM3/port.o
                0x00004d94                vPortStartFirstTask
 .text.xPortStartScheduler
                0x00004dac       0x38 ./FreeRTOS/portable/GCC/ARM_CM3/port.o
                0x00004dac                xPortStartScheduler
 .text.vPortYieldFromISR
                0x00004de4       0x18 ./FreeRTOS/portable/GCC/ARM_CM3/port.o
                0x00004de4                vPortYieldFromISR
 .text.vPortEnterCritical
                0x00004dfc       0x24 ./FreeRTOS/portable/GCC/ARM_CM3/port.o
                0x00004dfc                vPortEnterCritical
 .text.vPortExitCritical
                0x00004e20       0x2c ./FreeRTOS/portable/GCC/ARM_CM3/port.o
                0x00004e20                vPortExitCritical
 .text.PendSV_Handler
                0x00004e4c       0x40 ./FreeRTOS/portable/GCC/ARM_CM3/port.o
                0x00004e4c                PendSV_Handler
 .text.SysTick_Handler
                0x00004e8c       0x34 ./FreeRTOS/portable/GCC/ARM_CM3/port.o
                0x00004e8c                SysTick_Handler
 .text.prvSetupTimerInterrupt
                0x00004ec0       0x34 ./FreeRTOS/portable/GCC/ARM_CM3/port.o
 .text.vListInitialise
                0x00004ef4       0x3e ./FreeRTOS/list.o
                0x00004ef4                vListInitialise
 .text.vListInitialiseItem
                0x00004f32       0x18 ./FreeRTOS/list.o
                0x00004f32                vListInitialiseItem
 .text.vListInsertEnd
                0x00004f4a       0x4e ./FreeRTOS/list.o
                0x00004f4a                vListInsertEnd
 .text.vListInsert
                0x00004f98       0x70 ./FreeRTOS/list.o
                0x00004f98                vListInsert
 .text.vListRemove
                0x00005008       0x4e ./FreeRTOS/list.o
                0x00005008                vListRemove
 .text.xQueueCreate
                0x00005056       0xcc ./FreeRTOS/queue.o
                0x00005056                xQueueCreate
 .text.xQueueGenericSend
                0x00005122      0x138 ./FreeRTOS/queue.o
                0x00005122                xQueueGenericSend
 .text.xQueueGenericSendFromISR
                0x0000525a       0xc2 ./FreeRTOS/queue.o
                0x0000525a                xQueueGenericSendFromISR
 .text.xQueueGenericReceive
                0x0000531c      0x19a ./FreeRTOS/queue.o
                0x0000531c                xQueueGenericReceive
 .text.prvCopyDataToQueue
                0x000054b6       0xb6 ./FreeRTOS/queue.o
 .text.prvCopyDataFromQueue
                0x0000556c       0x4c ./FreeRTOS/queue.o
 .text.prvUnlockQueue
                0x000055b8       0x98 ./FreeRTOS/queue.o
 .text.prvIsQueueEmpty
                0x00005650       0x2a ./FreeRTOS/queue.o
 .text.prvIsQueueFull
                0x0000567a       0x2e ./FreeRTOS/queue.o
 .text.vQueueWaitForMessageRestricted
                0x000056a8       0x54 ./FreeRTOS/queue.o
                0x000056a8                vQueueWaitForMessageRestricted
 .text.xTaskGenericCreate
                0x000056fc      0x1a4 ./FreeRTOS/tasks.o
                0x000056fc                xTaskGenericCreate
 .text.vTaskDelay
                0x000058a0       0x54 ./FreeRTOS/tasks.o
                0x000058a0                vTaskDelay
 .text.vTaskStartScheduler
                0x000058f4       0x7c ./FreeRTOS/tasks.o
                0x000058f4                vTaskStartScheduler
 .text.vTaskSuspendAll
                0x00005970       0x1c ./FreeRTOS/tasks.o
                0x00005970                vTaskSuspendAll
 .text.xTaskResumeAll
                0x0000598c      0x108 ./FreeRTOS/tasks.o
                0x0000598c                xTaskResumeAll
 .text.xTaskGetTickCount
                0x00005a94       0x24 ./FreeRTOS/tasks.o
                0x00005a94                xTaskGetTickCount
 .text.vTaskIncrementTick
                0x00005ab8      0x140 ./FreeRTOS/tasks.o
                0x00005ab8                vTaskIncrementTick
 .text.vTaskSwitchContext
                0x00005bf8      0x188 ./FreeRTOS/tasks.o
                0x00005bf8                vTaskSwitchContext
 .text.vTaskPlaceOnEventList
                0x00005d80       0x70 ./FreeRTOS/tasks.o
                0x00005d80                vTaskPlaceOnEventList
 .text.vTaskPlaceOnEventListRestricted
                0x00005df0       0x54 ./FreeRTOS/tasks.o
                0x00005df0                vTaskPlaceOnEventListRestricted
 .text.xTaskRemoveFromEventList
                0x00005e44       0xb0 ./FreeRTOS/tasks.o
                0x00005e44                xTaskRemoveFromEventList
 .text.vTaskSetTimeOutState
                0x00005ef4       0x3c ./FreeRTOS/tasks.o
                0x00005ef4                vTaskSetTimeOutState
 .text.xTaskCheckForTimeOut
                0x00005f30       0xa8 ./FreeRTOS/tasks.o
                0x00005f30                xTaskCheckForTimeOut
 .text.vTaskMissedYield
                0x00005fd8       0x18 ./FreeRTOS/tasks.o
                0x00005fd8                vTaskMissedYield
 .text.prvIdleTask
                0x00005ff0       0x24 ./FreeRTOS/tasks.o
 .text.prvInitialiseTCBVariables
                0x00006014       0x72 ./FreeRTOS/tasks.o
 *fill*         0x00006086        0x2 
 .text.prvInitialiseTaskLists
                0x00006088       0x80 ./FreeRTOS/tasks.o
 .text.prvCheckTasksWaitingTermination
                0x00006108       0x78 ./FreeRTOS/tasks.o
 .text.prvAddCurrentTaskToDelayedList
                0x00006180       0x6c ./FreeRTOS/tasks.o
 .text.prvAllocateTCBAndStack
                0x000061ec       0x62 ./FreeRTOS/tasks.o
 .text.prvDeleteTCB
                0x0000624e       0x20 ./FreeRTOS/tasks.o
 *fill*         0x0000626e        0x2 
 .text.xTaskGetCurrentTaskHandle
                0x00006270       0x1c ./FreeRTOS/tasks.o
                0x00006270                xTaskGetCurrentTaskHandle
 .text.xTaskGetSchedulerState
                0x0000628c       0x3c ./FreeRTOS/tasks.o
                0x0000628c                xTaskGetSchedulerState
 .text.vTaskPriorityInherit
                0x000062c8       0xb4 ./FreeRTOS/tasks.o
                0x000062c8                vTaskPriorityInherit
 .text.vTaskPriorityDisinherit
                0x0000637c       0x7c ./FreeRTOS/tasks.o
                0x0000637c                vTaskPriorityDisinherit
 .text.xTimerCreateTimerTask
                0x000063f8       0x5c ./FreeRTOS/timers.o
                0x000063f8                xTimerCreateTimerTask
 .text.xTimerGenericCommand
                0x00006454       0x80 ./FreeRTOS/timers.o
                0x00006454                xTimerGenericCommand
 .text.prvProcessExpiredTimer
                0x000064d4       0x74 ./FreeRTOS/timers.o
 .text.prvTimerTask
                0x00006548       0x24 ./FreeRTOS/timers.o
 .text.prvProcessTimerOrBlockTask
                0x0000656c       0x6c ./FreeRTOS/timers.o
 .text.prvGetNextExpireTime
                0x000065d8       0x48 ./FreeRTOS/timers.o
 .text.prvSampleTimeNow
                0x00006620       0x44 ./FreeRTOS/timers.o
 .text.prvInsertTimerInActiveList
                0x00006664       0x84 ./FreeRTOS/timers.o
 .text.prvProcessReceivedCommands
                0x000066e8       0xf4 ./FreeRTOS/timers.o
 .text.prvSwitchTimerLists
                0x000067dc       0xb8 ./FreeRTOS/timers.o
 .text.prvCheckForValidListAndQueue
                0x00006894       0x54 ./FreeRTOS/timers.o
 .text._close   0x000068e8       0x16 ./CMSIS/startup_gcc/newlib_stubs.o
                0x000068e8                _close
 .text._exit    0x000068fe        0xa ./CMSIS/startup_gcc/newlib_stubs.o
                0x000068fe                _exit
 .text._fstat   0x00006908       0x1e ./CMSIS/startup_gcc/newlib_stubs.o
                0x00006908                _fstat
 .text._isatty  0x00006926       0x14 ./CMSIS/startup_gcc/newlib_stubs.o
                0x00006926                _isatty
 .text._lseek   0x0000693a       0x18 ./CMSIS/startup_gcc/newlib_stubs.o
                0x0000693a                _lseek
 .text._read    0x00006952       0x18 ./CMSIS/startup_gcc/newlib_stubs.o
                0x00006952                _read
 *fill*         0x0000696a        0x2 
 .text._write_r
                0x0000696c       0x48 ./CMSIS/startup_gcc/newlib_stubs.o
                0x0000696c                _write_r
 .text._sbrk    0x000069b4       0x9c ./CMSIS/startup_gcc/newlib_stubs.o
                0x000069b4                _sbrk
 .text.gpio_task
                0x00006a50       0x30 ./gpio_task.o
                0x00006a50                gpio_task
 .text.vInitializeI2C
                0x00006a80       0x20 ./i2c.o
                0x00006a80                vInitializeI2C
 .text.vRead_FRAM
                0x00006aa0       0x88 ./i2c.o
                0x00006aa0                vRead_FRAM
 .text.vWrite_FRAM
                0x00006b28       0x94 ./i2c.o
                0x00006b28                vWrite_FRAM
 .text.LCD_Fill
                0x00006bbc       0x66 ./lcd.o
                0x00006bbc                LCD_Fill
 .text.vApplicationStackOverflowHook
                0x00006c22        0xc ./main.o
                0x00006c22                vApplicationStackOverflowHook
 .text.ulGetRunTimeCounterValue
                0x00006c2e        0xe ./main.o
                0x00006c2e                ulGetRunTimeCounterValue
 .text.vMainConfigureTimerForRunTimeStats
                0x00006c3c        0xc ./main.o
                0x00006c3c                vMainConfigureTimerForRunTimeStats
 .text.vApplicationIdleHook
                0x00006c48        0xc ./main.o
                0x00006c48                vApplicationIdleHook
 .text.vApplicationMallocFailedHook
                0x00006c54        0x6 ./main.o
                0x00006c54                vApplicationMallocFailedHook
 *fill*         0x00006c5a        0x2 
 .text.uart1_rx_handler
                0x00006c5c       0x28 ./main.o
                0x00006c5c                uart1_rx_handler
 .text.init_system
                0x00006c84       0xb8 ./main.o
                0x00006c84                init_system
 .text.FabricIrq0_IRQHandler
                0x00006d3c       0x14 ./main.o
                0x00006d3c                FabricIrq0_IRQHandler
 .text.main     0x00006d50       0x8c ./main.o
                0x00006d50                main
 .text.pwm_task
                0x00006ddc       0x5c ./pwm_task.o
                0x00006ddc                pwm_task
 .text.spi_init
                0x00006e38       0x28 ./spi.o
                0x00006e38                spi_init
 .text.LCD_Writ_Bus
                0x00006e60       0x3c ./spi.o
                0x00006e60                LCD_Writ_Bus
 .text.LCD_WR_DATA8
                0x00006e9c       0x1a ./spi.o
                0x00006e9c                LCD_WR_DATA8
 .text.LCD_WR_DATA
                0x00006eb6       0x2a ./spi.o
                0x00006eb6                LCD_WR_DATA
 .text.LCD_WR_REG
                0x00006ee0       0x2a ./spi.o
                0x00006ee0                LCD_WR_REG
 .text.LCD_Address_Set
                0x00006f0a       0x58 ./spi.o
                0x00006f0a                LCD_Address_Set
 .text.LCD_Init
                0x00006f62      0x17c ./spi.o
                0x00006f62                LCD_Init
 *fill*         0x000070de        0x2 
 .text.standalone_task
                0x000070e0       0xa8 ./standalone_task.o
                0x000070e0                standalone_task
 .text.__libc_init_array
                0x00007188       0x48 c:/microsemi/softconsole_v5.2/arm-none-eabi-gcc/bin/../lib/gcc/arm-none-eabi/6.3.1/../../../../arm-none-eabi/lib/thumb/v7-m\libg_nano.a(lib_a-init.o)
                0x00007188                __libc_init_array
 .text.memcmp   0x000071d0       0x1e c:/microsemi/softconsole_v5.2/arm-none-eabi-gcc/bin/../lib/gcc/arm-none-eabi/6.3.1/../../../../arm-none-eabi/lib/thumb/v7-m\libg_nano.a(lib_a-memcmp.o)
                0x000071d0                memcmp
 .text.memcpy   0x000071ee       0x16 c:/microsemi/softconsole_v5.2/arm-none-eabi-gcc/bin/../lib/gcc/arm-none-eabi/6.3.1/../../../../arm-none-eabi/lib/thumb/v7-m\libg_nano.a(lib_a-memcpy-stub.o)
                0x000071ee                memcpy
 .text.memset   0x00007204       0x10 c:/microsemi/softconsole_v5.2/arm-none-eabi-gcc/bin/../lib/gcc/arm-none-eabi/6.3.1/../../../../arm-none-eabi/lib/thumb/v7-m\libg_nano.a(lib_a-memset.o)
                0x00007204                memset
 .text.printf   0x00007214       0x30 c:/microsemi/softconsole_v5.2/arm-none-eabi-gcc/bin/../lib/gcc/arm-none-eabi/6.3.1/../../../../arm-none-eabi/lib/thumb/v7-m\libg_nano.a(lib_a-printf.o)
                0x00007214                iprintf
                0x00007214                printf
 .text._puts_r  0x00007244       0xb8 c:/microsemi/softconsole_v5.2/arm-none-eabi-gcc/bin/../lib/gcc/arm-none-eabi/6.3.1/../../../../arm-none-eabi/lib/thumb/v7-m\libg_nano.a(lib_a-puts.o)
                0x00007244                _puts_r
 .text.puts     0x000072fc       0x10 c:/microsemi/softconsole_v5.2/arm-none-eabi-gcc/bin/../lib/gcc/arm-none-eabi/6.3.1/../../../../arm-none-eabi/lib/thumb/v7-m\libg_nano.a(lib_a-puts.o)
                0x000072fc                puts
 .text.strncpy  0x0000730c       0x2a c:/microsemi/softconsole_v5.2/arm-none-eabi-gcc/bin/../lib/gcc/arm-none-eabi/6.3.1/../../../../arm-none-eabi/lib/thumb/v7-m\libg_nano.a(lib_a-strncpy.o)
                0x0000730c                strncpy
 *fill*         0x00007336        0x2 
 .text.__swbuf_r
                0x00007338       0xa4 c:/microsemi/softconsole_v5.2/arm-none-eabi-gcc/bin/../lib/gcc/arm-none-eabi/6.3.1/../../../../arm-none-eabi/lib/thumb/v7-m\libg_nano.a(lib_a-wbuf.o)
                0x00007338                __swbuf_r
 .text.__swsetup_r
                0x000073dc       0xdc c:/microsemi/softconsole_v5.2/arm-none-eabi-gcc/bin/../lib/gcc/arm-none-eabi/6.3.1/../../../../arm-none-eabi/lib/thumb/v7-m\libg_nano.a(lib_a-wsetup.o)
                0x000073dc                __swsetup_r
 .text.__sflush_r
                0x000074b8      0x110 c:/microsemi/softconsole_v5.2/arm-none-eabi-gcc/bin/../lib/gcc/arm-none-eabi/6.3.1/../../../../arm-none-eabi/lib/thumb/v7-m\libg_nano.a(lib_a-fflush.o)
                0x000074b8                __sflush_r
 .text._fflush_r
                0x000075c8       0x54 c:/microsemi/softconsole_v5.2/arm-none-eabi-gcc/bin/../lib/gcc/arm-none-eabi/6.3.1/../../../../arm-none-eabi/lib/thumb/v7-m\libg_nano.a(lib_a-fflush.o)
                0x000075c8                _fflush_r
 .text._cleanup_r
                0x0000761c        0xc c:/microsemi/softconsole_v5.2/arm-none-eabi-gcc/bin/../lib/gcc/arm-none-eabi/6.3.1/../../../../arm-none-eabi/lib/thumb/v7-m\libg_nano.a(lib_a-findfp.o)
                0x0000761c                _cleanup_r
 .text.std.isra.0
                0x00007628       0x48 c:/microsemi/softconsole_v5.2/arm-none-eabi-gcc/bin/../lib/gcc/arm-none-eabi/6.3.1/../../../../arm-none-eabi/lib/thumb/v7-m\libg_nano.a(lib_a-findfp.o)
 .text.__sfmoreglue
                0x00007670       0x2c c:/microsemi/softconsole_v5.2/arm-none-eabi-gcc/bin/../lib/gcc/arm-none-eabi/6.3.1/../../../../arm-none-eabi/lib/thumb/v7-m\libg_nano.a(lib_a-findfp.o)
                0x00007670                __sfmoreglue
 .text.__sinit  0x0000769c       0x60 c:/microsemi/softconsole_v5.2/arm-none-eabi-gcc/bin/../lib/gcc/arm-none-eabi/6.3.1/../../../../arm-none-eabi/lib/thumb/v7-m\libg_nano.a(lib_a-findfp.o)
                0x0000769c                __sinit
 .text.__sfp    0x000076fc       0x78 c:/microsemi/softconsole_v5.2/arm-none-eabi-gcc/bin/../lib/gcc/arm-none-eabi/6.3.1/../../../../arm-none-eabi/lib/thumb/v7-m\libg_nano.a(lib_a-findfp.o)
                0x000076fc                __sfp
 .text._fwalk_reent
                0x00007774       0x3c c:/microsemi/softconsole_v5.2/arm-none-eabi-gcc/bin/../lib/gcc/arm-none-eabi/6.3.1/../../../../arm-none-eabi/lib/thumb/v7-m\libg_nano.a(lib_a-fwalk.o)
                0x00007774                _fwalk_reent
 .text.__swhatbuf_r
                0x000077b0       0x48 c:/microsemi/softconsole_v5.2/arm-none-eabi-gcc/bin/../lib/gcc/arm-none-eabi/6.3.1/../../../../arm-none-eabi/lib/thumb/v7-m\libg_nano.a(lib_a-makebuf.o)
                0x000077b0                __swhatbuf_r
 .text.__smakebuf_r
                0x000077f8       0x80 c:/microsemi/softconsole_v5.2/arm-none-eabi-gcc/bin/../lib/gcc/arm-none-eabi/6.3.1/../../../../arm-none-eabi/lib/thumb/v7-m\libg_nano.a(lib_a-makebuf.o)
                0x000077f8                __smakebuf_r
 .text._free_r  0x00007878       0x98 c:/microsemi/softconsole_v5.2/arm-none-eabi-gcc/bin/../lib/gcc/arm-none-eabi/6.3.1/../../../../arm-none-eabi/lib/thumb/v7-m\libg_nano.a(lib_a-nano-freer.o)
                0x00007878                _free_r
 .text._malloc_r
                0x00007910       0xbc c:/microsemi/softconsole_v5.2/arm-none-eabi-gcc/bin/../lib/gcc/arm-none-eabi/6.3.1/../../../../arm-none-eabi/lib/thumb/v7-m\libg_nano.a(lib_a-nano-mallocr.o)
                0x00007910                _malloc_r
 .text.__sfputc_r
                0x000079cc       0x2c c:/microsemi/softconsole_v5.2/arm-none-eabi-gcc/bin/../lib/gcc/arm-none-eabi/6.3.1/../../../../arm-none-eabi/lib/thumb/v7-m\libg_nano.a(lib_a-nano-vfprintf.o)
 .text.__sfputs_r
                0x000079f8       0x24 c:/microsemi/softconsole_v5.2/arm-none-eabi-gcc/bin/../lib/gcc/arm-none-eabi/6.3.1/../../../../arm-none-eabi/lib/thumb/v7-m\libg_nano.a(lib_a-nano-vfprintf.o)
                0x000079f8                __sfputs_r
 .text._vfprintf_r
                0x00007a1c      0x22c c:/microsemi/softconsole_v5.2/arm-none-eabi-gcc/bin/../lib/gcc/arm-none-eabi/6.3.1/../../../../arm-none-eabi/lib/thumb/v7-m\libg_nano.a(lib_a-nano-vfprintf.o)
                0x00007a1c                _vfprintf_r
                0x00007a1c                _vfiprintf_r
 .text._printf_common
                0x00007c48       0xee c:/microsemi/softconsole_v5.2/arm-none-eabi-gcc/bin/../lib/gcc/arm-none-eabi/6.3.1/../../../../arm-none-eabi/lib/thumb/v7-m\libg_nano.a(lib_a-nano-vfprintf_i.o)
                0x00007c48                _printf_common
 *fill*         0x00007d36        0x2 
 .text._printf_i
                0x00007d38      0x240 c:/microsemi/softconsole_v5.2/arm-none-eabi-gcc/bin/../lib/gcc/arm-none-eabi/6.3.1/../../../../arm-none-eabi/lib/thumb/v7-m\libg_nano.a(lib_a-nano-vfprintf_i.o)
                0x00007d38                _printf_i
 .text._sbrk_r  0x00007f78       0x20 c:/microsemi/softconsole_v5.2/arm-none-eabi-gcc/bin/../lib/gcc/arm-none-eabi/6.3.1/../../../../arm-none-eabi/lib/thumb/v7-m\libg_nano.a(lib_a-sbrkr.o)
                0x00007f78                _sbrk_r
 .text.__sread  0x00007f98       0x22 c:/microsemi/softconsole_v5.2/arm-none-eabi-gcc/bin/../lib/gcc/arm-none-eabi/6.3.1/../../../../arm-none-eabi/lib/thumb/v7-m\libg_nano.a(lib_a-stdio.o)
                0x00007f98                __sread
 .text.__swrite
                0x00007fba       0x38 c:/microsemi/softconsole_v5.2/arm-none-eabi-gcc/bin/../lib/gcc/arm-none-eabi/6.3.1/../../../../arm-none-eabi/lib/thumb/v7-m\libg_nano.a(lib_a-stdio.o)
                0x00007fba                __swrite
 .text.__sseek  0x00007ff2       0x24 c:/microsemi/softconsole_v5.2/arm-none-eabi-gcc/bin/../lib/gcc/arm-none-eabi/6.3.1/../../../../arm-none-eabi/lib/thumb/v7-m\libg_nano.a(lib_a-stdio.o)
                0x00007ff2                __sseek
 .text.__sclose
                0x00008016        0x8 c:/microsemi/softconsole_v5.2/arm-none-eabi-gcc/bin/../lib/gcc/arm-none-eabi/6.3.1/../../../../arm-none-eabi/lib/thumb/v7-m\libg_nano.a(lib_a-stdio.o)
                0x00008016                __sclose
 *fill*         0x0000801e        0x2 
 .text._close_r
                0x00008020       0x20 c:/microsemi/softconsole_v5.2/arm-none-eabi-gcc/bin/../lib/gcc/arm-none-eabi/6.3.1/../../../../arm-none-eabi/lib/thumb/v7-m\libg_nano.a(lib_a-closer.o)
                0x00008020                _close_r
 .text._fstat_r
                0x00008040       0x24 c:/microsemi/softconsole_v5.2/arm-none-eabi-gcc/bin/../lib/gcc/arm-none-eabi/6.3.1/../../../../arm-none-eabi/lib/thumb/v7-m\libg_nano.a(lib_a-fstatr.o)
                0x00008040                _fstat_r
 .text._isatty_r
                0x00008064       0x20 c:/microsemi/softconsole_v5.2/arm-none-eabi-gcc/bin/../lib/gcc/arm-none-eabi/6.3.1/../../../../arm-none-eabi/lib/thumb/v7-m\libg_nano.a(lib_a-isattyr.o)
                0x00008064                _isatty_r
 .text._lseek_r
                0x00008084       0x24 c:/microsemi/softconsole_v5.2/arm-none-eabi-gcc/bin/../lib/gcc/arm-none-eabi/6.3.1/../../../../arm-none-eabi/lib/thumb/v7-m\libg_nano.a(lib_a-lseekr.o)
                0x00008084                _lseek_r
 .text.memchr   0x000080a8       0x1c c:/microsemi/softconsole_v5.2/arm-none-eabi-gcc/bin/../lib/gcc/arm-none-eabi/6.3.1/../../../../arm-none-eabi/lib/thumb/v7-m\libg_nano.a(lib_a-memchr-stub.o)
                0x000080a8                memchr
 .text.__malloc_lock
                0x000080c4        0x2 c:/microsemi/softconsole_v5.2/arm-none-eabi-gcc/bin/../lib/gcc/arm-none-eabi/6.3.1/../../../../arm-none-eabi/lib/thumb/v7-m\libg_nano.a(lib_a-mlock.o)
                0x000080c4                __malloc_lock
 .text.__malloc_unlock
                0x000080c6        0x2 c:/microsemi/softconsole_v5.2/arm-none-eabi-gcc/bin/../lib/gcc/arm-none-eabi/6.3.1/../../../../arm-none-eabi/lib/thumb/v7-m\libg_nano.a(lib_a-mlock.o)
                0x000080c6                __malloc_unlock
 .text._read_r  0x000080c8       0x24 c:/microsemi/softconsole_v5.2/arm-none-eabi-gcc/bin/../lib/gcc/arm-none-eabi/6.3.1/../../../../arm-none-eabi/lib/thumb/v7-m\libg_nano.a(lib_a-readr.o)
                0x000080c8                _read_r
 *(.plt)
 *(.gnu.warning)
 *(.glue_7t)
 .glue_7t       0x000080ec        0x0 linker stubs
 *(.glue_7)
 .glue_7        0x000080ec        0x0 linker stubs
 *(.vfp11_veneer)
 .vfp11_veneer  0x000080ec        0x0 linker stubs
                0x000080ec                . = ALIGN (0x4)
 *crtbegin.o(.ctors)
 *(EXCLUDE_FILE(*crtend.o) .ctors)
 *(SORT(.ctors.*))
 *crtend.o(.ctors)
 *crtbegin.o(.dtors)
 *(EXCLUDE_FILE(*crtend.o) .dtors)
 *(SORT(.dtors.*))
 *crtend.o(.dtors)
 *(.rodata .rodata.* .gnu.linkonce.r.*)
 .rodata.g_config_reg_lut
                0x000080ec       0x80 ./drivers/mss_gpio/mss_gpio.o
 .rodata.g_gpio_irqn_lut
                0x0000816c       0x20 ./drivers/mss_gpio/mss_gpio.o
 .rodata.g_pwm_id_mask_lut
                0x0000818c       0x11 ./drivers/CorePWM/core_pwm.o
 *fill*         0x0000819d        0x3 
 .rodata.g_pwm_posedge_offset_lut
                0x000081a0       0x44 ./drivers/CorePWM/core_pwm.o
 .rodata.g_pwm_negedge_offset_lut
                0x000081e4       0x44 ./drivers/CorePWM/core_pwm.o
 .rodata        0x00008228       0x4f ./FreeRTOS/tasks.o
 *fill*         0x00008277        0x1 
 .rodata.ucExpectedStackBytes.6146
                0x00008278       0x14 ./FreeRTOS/tasks.o
 .rodata        0x0000828c        0x8 ./FreeRTOS/timers.o
 .rodata        0x00008294       0x30 ./CMSIS/startup_gcc/newlib_stubs.o
 .rodata        0x000082c4        0x8 ./CMSIS/system_m2sxxx.o
 .rodata        0x000082cc        0xc ./i2c.o
 .rodata        0x000082d8       0x3e ./main.o
 *fill*         0x00008316        0x2 
 .rodata        0x00008318       0x10 ./standalone_task.o
 .rodata._global_impure_ptr
                0x00008328        0x4 c:/microsemi/softconsole_v5.2/arm-none-eabi-gcc/bin/../lib/gcc/arm-none-eabi/6.3.1/../../../../arm-none-eabi/lib/thumb/v7-m\libg_nano.a(lib_a-impure.o)
                0x00008328                _global_impure_ptr
 .rodata.__sf_fake_stderr
                0x0000832c       0x20 c:/microsemi/softconsole_v5.2/arm-none-eabi-gcc/bin/../lib/gcc/arm-none-eabi/6.3.1/../../../../arm-none-eabi/lib/thumb/v7-m\libg_nano.a(lib_a-findfp.o)
                0x0000832c                __sf_fake_stderr
 .rodata.__sf_fake_stdin
                0x0000834c       0x20 c:/microsemi/softconsole_v5.2/arm-none-eabi-gcc/bin/../lib/gcc/arm-none-eabi/6.3.1/../../../../arm-none-eabi/lib/thumb/v7-m\libg_nano.a(lib_a-findfp.o)
                0x0000834c                __sf_fake_stdin
 .rodata.__sf_fake_stdout
                0x0000836c       0x20 c:/microsemi/softconsole_v5.2/arm-none-eabi-gcc/bin/../lib/gcc/arm-none-eabi/6.3.1/../../../../arm-none-eabi/lib/thumb/v7-m\libg_nano.a(lib_a-findfp.o)
                0x0000836c                __sf_fake_stdout
 .rodata._vfprintf_r.str1.1
                0x0000838c       0x11 c:/microsemi/softconsole_v5.2/arm-none-eabi-gcc/bin/../lib/gcc/arm-none-eabi/6.3.1/../../../../arm-none-eabi/lib/thumb/v7-m\libg_nano.a(lib_a-nano-vfprintf.o)
 .rodata._printf_i.str1.1
                0x0000839d       0x22 c:/microsemi/softconsole_v5.2/arm-none-eabi-gcc/bin/../lib/gcc/arm-none-eabi/6.3.1/../../../../arm-none-eabi/lib/thumb/v7-m\libg_nano.a(lib_a-nano-vfprintf_i.o)
 *(.ARM.extab* .gnu.linkonce.armextab.*)
 *(.gcc_except_table)
 *(.eh_frame_hdr)
 *(.eh_frame)
 *fill*         0x000083bf        0x1 
 .eh_frame      0x000083c0        0x0 c:/microsemi/softconsole_v5.2/arm-none-eabi-gcc/bin/../lib/gcc/arm-none-eabi/6.3.1/thumb/v7-m/crtbegin.o
 *(.vector_table)
 *(.init)
 .init          0x000083c0        0x4 c:/microsemi/softconsole_v5.2/arm-none-eabi-gcc/bin/../lib/gcc/arm-none-eabi/6.3.1/thumb/v7-m/crti.o
                0x000083c0                _init
 .init          0x000083c4        0x8 c:/microsemi/softconsole_v5.2/arm-none-eabi-gcc/bin/../lib/gcc/arm-none-eabi/6.3.1/thumb/v7-m/crtn.o
 *(.fini)
 .fini          0x000083cc        0x4 c:/microsemi/softconsole_v5.2/arm-none-eabi-gcc/bin/../lib/gcc/arm-none-eabi/6.3.1/thumb/v7-m/crti.o
                0x000083cc                _fini
 .fini          0x000083d0        0x8 c:/microsemi/softconsole_v5.2/arm-none-eabi-gcc/bin/../lib/gcc/arm-none-eabi/6.3.1/thumb/v7-m/crtn.o
                0x000083d8                PROVIDE (__preinit_array_start, .)
 *(.preinit_array)
                0x000083d8                PROVIDE (__preinit_array_end, .)
                0x000083d8                PROVIDE (__init_array_start, .)
 *(SORT(.init_array.*))
 *(.init_array)
 .init_array    0x000083d8        0x4 c:/microsemi/softconsole_v5.2/arm-none-eabi-gcc/bin/../lib/gcc/arm-none-eabi/6.3.1/thumb/v7-m/crtbegin.o
                0x000083dc                PROVIDE (__init_array_end, .)
                [!provide]                PROVIDE (__fini_array_start, .)
 *(.fini_array)
 .fini_array    0x000083dc        0x4 c:/microsemi/softconsole_v5.2/arm-none-eabi-gcc/bin/../lib/gcc/arm-none-eabi/6.3.1/thumb/v7-m/crtbegin.o
 *(SORT(.fini_array.*))
                [!provide]                PROVIDE (__fini_array_end, .)
                0x000083e0                . = ALIGN (0x10)
                0x000083e0                __exidx_start = .

.v4_bx          0x000083e0        0x0 load address 0x600083e0
 .v4_bx         0x000083e0        0x0 linker stubs

.iplt           0x000083e0        0x0 load address 0x600083e0
 .iplt          0x000083e0        0x0 c:/microsemi/softconsole_v5.2/arm-none-eabi-gcc/bin/../lib/gcc/arm-none-eabi/6.3.1/thumb/v7-m/crtbegin.o

.rel.dyn        0x000083e0        0x0 load address 0x600083e0
 .rel.iplt      0x000083e0        0x0 c:/microsemi/softconsole_v5.2/arm-none-eabi-gcc/bin/../lib/gcc/arm-none-eabi/6.3.1/thumb/v7-m/crtbegin.o

.ARM.exidx
 *(.ARM.exidx* .gnu.linkonce.armexidx.*)
                0x000083e0                __exidx_end = .
                0x000083e0                _etext = .

.data           0x20000000       0xc0 load address 0x600083e0
                0x600083e0                __data_load = LOADADDR (.data)
                0x600083e0                _sidata = LOADADDR (.data)
                0x20000000                __data_start = .
                0x20000000                _sdata = .
 *(.jcr)
 .jcr           0x20000000        0x0 c:/microsemi/softconsole_v5.2/arm-none-eabi-gcc/bin/../lib/gcc/arm-none-eabi/6.3.1/thumb/v7-m/crtbegin.o
 .jcr           0x20000000        0x4 c:/microsemi/softconsole_v5.2/arm-none-eabi-gcc/bin/../lib/gcc/arm-none-eabi/6.3.1/thumb/v7-m/crtend.o
 *(.got.plt)
 *(.got)
 *(.shdata)
 *(.data .data.* .gnu.linkonce.d.*)
 .data.div1_seq
                0x20000004        0x4 ./drivers/mss_sys_services/mss_sys_services.o
                0x20000004                div1_seq
 .data.div2_seq
                0x20000008        0x3 ./drivers/mss_sys_services/mss_sys_services.o
                0x20000008                div2_seq
 *fill*         0x2000000b        0x1 
 .data.div4_seq
                0x2000000c        0x5 ./drivers/mss_sys_services/mss_sys_services.o
                0x2000000c                div4_seq
 *fill*         0x20000011        0x3 
 .data.div8_seq
                0x20000014        0x3 ./drivers/mss_sys_services/mss_sys_services.o
                0x20000014                div8_seq
 *fill*         0x20000017        0x1 
 .data.div16_seq
                0x20000018        0x2 ./drivers/mss_sys_services/mss_sys_services.o
                0x20000018                div16_seq
 *fill*         0x2000001a        0x2 
 .data.div32_seq
                0x2000001c        0x2 ./drivers/mss_sys_services/mss_sys_services.o
                0x2000001c                div32_seq
 *fill*         0x2000001e        0x2 
 .data.xFreeBytesRemaining
                0x20000020        0x4 ./FreeRTOS/portable/MemMang/heap_2.o
 .data.uxCriticalNesting
                0x20000024        0x4 ./FreeRTOS/portable/GCC/ARM_CM3/port.o
 .data.xNextTaskUnblockTime
                0x20000028        0x4 ./FreeRTOS/tasks.o
 .data.uxPreviousTask
                0x2000002c        0x4 ./FreeRTOS/tasks.o
 .data.SystemCoreClock
                0x20000030        0x4 ./CMSIS/system_m2sxxx.o
                0x20000030                SystemCoreClock
 .data.g_FrequencyPCLK0
                0x20000034        0x4 ./CMSIS/system_m2sxxx.o
                0x20000034                g_FrequencyPCLK0
 .data.g_FrequencyPCLK1
                0x20000038        0x4 ./CMSIS/system_m2sxxx.o
                0x20000038                g_FrequencyPCLK1
 .data.g_FrequencyPCLK2
                0x2000003c        0x4 ./CMSIS/system_m2sxxx.o
                0x2000003c                g_FrequencyPCLK2
 .data.g_FrequencyFIC0
                0x20000040        0x4 ./CMSIS/system_m2sxxx.o
                0x20000040                g_FrequencyFIC0
 .data.g_FrequencyFIC1
                0x20000044        0x4 ./CMSIS/system_m2sxxx.o
                0x20000044                g_FrequencyFIC1
 .data.g_FrequencyFIC64
                0x20000048        0x4 ./CMSIS/system_m2sxxx.o
                0x20000048                g_FrequencyFIC64
 .data.uSlaveAddr
                0x2000004c        0x1 ./i2c.o
                0x2000004c                uSlaveAddr
 *fill*         0x2000004d        0x3 
 .data._impure_ptr
                0x20000050        0x4 c:/microsemi/softconsole_v5.2/arm-none-eabi-gcc/bin/../lib/gcc/arm-none-eabi/6.3.1/../../../../arm-none-eabi/lib/thumb/v7-m\libg_nano.a(lib_a-impure.o)
                0x20000050                _impure_ptr
 .data.impure_data
                0x20000054       0x60 c:/microsemi/softconsole_v5.2/arm-none-eabi-gcc/bin/../lib/gcc/arm-none-eabi/6.3.1/../../../../arm-none-eabi/lib/thumb/v7-m\libg_nano.a(lib_a-impure.o)
                0x200000c0                . = ALIGN (0x10)
 *fill*         0x200000b4        0xc 
                0x200000c0                _edata = .

.igot.plt       0x200000c0        0x0 load address 0x600084a0
 .igot.plt      0x200000c0        0x0 c:/microsemi/softconsole_v5.2/arm-none-eabi-gcc/bin/../lib/gcc/arm-none-eabi/6.3.1/thumb/v7-m/crtbegin.o

.bss            0x200000c0     0x7d90 load address 0x600084a0
                0x200000c0                __bss_start__ = .
                0x200000c0                _sbss = .
 *(.shbss)
 *(.bss .bss.* .gnu.linkonce.b.*)
 .bss           0x200000c0       0x1c c:/microsemi/softconsole_v5.2/arm-none-eabi-gcc/bin/../lib/gcc/arm-none-eabi/6.3.1/thumb/v7-m/crtbegin.o
 .bss.g_comblk_cmd_opcode
                0x200000dc        0x1 ./drivers/mss_sys_services/mss_comblk.o
 *fill*         0x200000dd        0x3 
 .bss.g_comblk_p_cmd
                0x200000e0        0x4 ./drivers/mss_sys_services/mss_comblk.o
 .bss.g_comblk_cmd_size
                0x200000e4        0x2 ./drivers/mss_sys_services/mss_comblk.o
 *fill*         0x200000e6        0x2 
 .bss.g_comblk_p_data
                0x200000e8        0x4 ./drivers/mss_sys_services/mss_comblk.o
 .bss.g_comblk_data_size
                0x200000ec        0x4 ./drivers/mss_sys_services/mss_comblk.o
 .bss.g_comblk_p_response
                0x200000f0        0x4 ./drivers/mss_sys_services/mss_comblk.o
 .bss.g_comblk_response_size
                0x200000f4        0x2 ./drivers/mss_sys_services/mss_comblk.o
 .bss.g_comblk_response_idx
                0x200000f6        0x2 ./drivers/mss_sys_services/mss_comblk.o
 .bss.g_comblk_completion_handler
                0x200000f8        0x4 ./drivers/mss_sys_services/mss_comblk.o
 .bss.g_comblk_page_handler
                0x200000fc        0x4 ./drivers/mss_sys_services/mss_comblk.o
 .bss.g_request_in_progress
                0x20000100        0x1 ./drivers/mss_sys_services/mss_comblk.o
 .bss.g_comblk_state
                0x20000101        0x1 ./drivers/mss_sys_services/mss_comblk.o
 *fill*         0x20000102        0x2 
 .bss.g_async_event_handler
                0x20000104        0x4 ./drivers/mss_sys_services/mss_comblk.o
 .bss.g_request_in_progress
                0x20000108        0x1 ./drivers/mss_sys_services/mss_sys_services.o
 *fill*         0x20000109        0x1 
 .bss.g_last_response_length
                0x2000010a        0x2 ./drivers/mss_sys_services/mss_sys_services.o
 .bss.g_event_handler
                0x2000010c        0x4 ./drivers/mss_sys_services/mss_sys_services.o
 .bss.g_response
                0x20000110        0x2 ./drivers/mss_sys_services/mss_sys_services.o
 *fill*         0x20000112        0x2 
 .bss.g_initial_mssddr_facc1_cr
                0x20000114        0x4 ./drivers/mss_sys_services/mss_sys_services.o
 .bss.divisor   0x20000118       0x10 ./drivers/mss_sys_services/mss_sys_services.o
                0x20000118                divisor
 .bss.g_transfer
                0x20000128       0x18 ./drivers/mss_hpdma/mss_hpdma.o
 .bss.g_hpdma_end_desc
                0x20000140        0x4 ./drivers/mss_hpdma/mss_hpdma.o
 .bss.g_hpdma_current_desc
                0x20000144        0x4 ./drivers/mss_hpdma/mss_hpdma.o
 .bss.xHeap     0x20000148     0x7800 ./FreeRTOS/portable/MemMang/heap_2.o
 .bss.xStart    0x20007948        0x8 ./FreeRTOS/portable/MemMang/heap_2.o
 .bss.xEnd      0x20007950        0x8 ./FreeRTOS/portable/MemMang/heap_2.o
 .bss.xHeapHasBeenInitialised.4962
                0x20007958        0x4 ./FreeRTOS/portable/MemMang/heap_2.o
 .bss.pxCurrentTCB
                0x2000795c        0x4 ./FreeRTOS/tasks.o
                0x2000795c                pxCurrentTCB
 .bss.pxReadyTasksLists
                0x20007960       0xc8 ./FreeRTOS/tasks.o
 .bss.xDelayedTaskList1
                0x20007a28       0x14 ./FreeRTOS/tasks.o
 .bss.xDelayedTaskList2
                0x20007a3c       0x14 ./FreeRTOS/tasks.o
 .bss.pxDelayedTaskList
                0x20007a50        0x4 ./FreeRTOS/tasks.o
 .bss.pxOverflowDelayedTaskList
                0x20007a54        0x4 ./FreeRTOS/tasks.o
 .bss.xPendingReadyList
                0x20007a58       0x14 ./FreeRTOS/tasks.o
 .bss.xTasksWaitingTermination
                0x20007a6c       0x14 ./FreeRTOS/tasks.o
 .bss.uxTasksDeleted
                0x20007a80        0x4 ./FreeRTOS/tasks.o
 .bss.xSuspendedTaskList
                0x20007a84       0x14 ./FreeRTOS/tasks.o
 .bss.uxCurrentNumberOfTasks
                0x20007a98        0x4 ./FreeRTOS/tasks.o
 .bss.xTickCount
                0x20007a9c        0x4 ./FreeRTOS/tasks.o
 .bss.uxTopUsedPriority
                0x20007aa0        0x4 ./FreeRTOS/tasks.o
 .bss.uxTopReadyPriority
                0x20007aa4        0x4 ./FreeRTOS/tasks.o
 .bss.xSchedulerRunning
                0x20007aa8        0x4 ./FreeRTOS/tasks.o
 .bss.uxSchedulerSuspended
                0x20007aac        0x4 ./FreeRTOS/tasks.o
 .bss.uxMissedTicks
                0x20007ab0        0x4 ./FreeRTOS/tasks.o
 .bss.xMissedYield
                0x20007ab4        0x4 ./FreeRTOS/tasks.o
 .bss.xNumOfOverflows
                0x20007ab8        0x4 ./FreeRTOS/tasks.o
 .bss.uxTaskNumber
                0x20007abc        0x4 ./FreeRTOS/tasks.o
 .bss.ulTaskSwitchedInTime
                0x20007ac0        0x4 ./FreeRTOS/tasks.o
 .bss.pcTraceBuffer
                0x20007ac4        0x4 ./FreeRTOS/tasks.o
 .bss.pcTraceBufferEnd
                0x20007ac8        0x4 ./FreeRTOS/tasks.o
 .bss.xTracing  0x20007acc        0x4 ./FreeRTOS/tasks.o
 .bss.xActiveTimerList1
                0x20007ad0       0x14 ./FreeRTOS/timers.o
 .bss.xActiveTimerList2
                0x20007ae4       0x14 ./FreeRTOS/timers.o
 .bss.pxCurrentTimerList
                0x20007af8        0x4 ./FreeRTOS/timers.o
 .bss.pxOverflowTimerList
                0x20007afc        0x4 ./FreeRTOS/timers.o
 .bss.xTimerQueue
                0x20007b00        0x4 ./FreeRTOS/timers.o
 .bss.xLastTime.4516
                0x20007b04        0x4 ./FreeRTOS/timers.o
 .bss.g_stdio_uart_init_done
                0x20007b08        0x4 ./CMSIS/startup_gcc/newlib_stubs.o
 .bss.heap_end.7464
                0x20007b0c        0x4 ./CMSIS/startup_gcc/newlib_stubs.o
 .bss.__malloc_free_list
                0x20007b10        0x4 c:/microsemi/softconsole_v5.2/arm-none-eabi-gcc/bin/../lib/gcc/arm-none-eabi/6.3.1/../../../../arm-none-eabi/lib/thumb/v7-m\libg_nano.a(lib_a-nano-mallocr.o)
                0x20007b10                __malloc_free_list
 .bss.__malloc_sbrk_start
                0x20007b14        0x4 c:/microsemi/softconsole_v5.2/arm-none-eabi-gcc/bin/../lib/gcc/arm-none-eabi/6.3.1/../../../../arm-none-eabi/lib/thumb/v7-m\libg_nano.a(lib_a-nano-mallocr.o)
                0x20007b14                __malloc_sbrk_start
 *(COMMON)
 COMMON         0x20007b18       0x80 ./drivers/mss_uart/mss_uart.o
                0x20007b18                g_mss_uart1
                0x20007b58                g_mss_uart0
 COMMON         0x20007b98      0x108 ./drivers/mss_spi/mss_spi.o
                0x20007b98                g_mss_spi1
                0x20007c1c                g_mss_spi0
 COMMON         0x20007ca0       0xe8 ./drivers/mss_i2c/mss_i2c.o
                0x20007ca0                g_mss_i2c0
                0x20007d14                g_mss_i2c1
 COMMON         0x20007d88       0xb8 ./main.o
                0x20007d88                g_gpio
                0x20007d90                g_rx_buff
                0x20007dd0                g_i2c_inst
                0x20007e3c                the_pwm
 COMMON         0x20007e40        0x4 c:/microsemi/softconsole_v5.2/arm-none-eabi-gcc/bin/../lib/gcc/arm-none-eabi/6.3.1/../../../../arm-none-eabi/lib/thumb/v7-m\libg_nano.a(lib_a-reent.o)
                0x20007e40                errno
                0x20007e50                . = ALIGN (0x10)
 *fill*         0x20007e44        0xc 
                0x20007e50                __bss_end__ = .
                0x20007e50                _end = .
                0x20007e50                __end = _end
                0x20007e50                _ebss = .
                [!provide]                PROVIDE (end, .)

.heap           0x20007e50     0x71b0 load address 0x600084a0
                0x20007e50                __heap_start__ = .
                0x20008e50                . = (. + MIN_SIZE_HEAP)
 *fill*         0x20007e50     0x1000 
                0x2000f000                . = (. + (((ABSOLUTE (RAM_START_ADDRESS) + RAM_SIZE) - MAIN_STACK_SIZE) - .))
 *fill*         0x20008e50     0x61b0 
                0x2000f000                _eheap = .

.stack          0x2000f000     0x1000 load address 0x600084a0
                0x2000f000                __stack_start__ = .
                0x20010000                . = (. + MAIN_STACK_SIZE)
 *fill*         0x2000f000     0x1000 
                0x20010000                _estack = .

.stab
 *(.stab)

.stabstr
 *(.stabstr)

.debug
 *(.debug)

.line
 *(.line)

.debug_srcinfo
 *(.debug_srcinfo)

.debug_sfnames
 *(.debug_sfnames)

.debug_aranges  0x00000000     0x1120
 *(.debug_aranges)
 .debug_aranges
                0x00000000       0x20 ./hal/CortexM3/GNU/hal.o
 .debug_aranges
                0x00000020       0x20 ./hal/CortexM3/GNU/hw_reg_access.o
 .debug_aranges
                0x00000040       0x48 ./hal/CortexM3/cortex_nvic.o
 .debug_aranges
                0x00000088       0x18 ./drivers_config/sys_config/sys_config.o
 .debug_aranges
                0x000000a0      0x1d0 ./drivers/mss_uart/mss_uart.o
 .debug_aranges
                0x00000270       0x90 ./drivers/mss_sys_services/mss_comblk.o
 .debug_aranges
                0x00000300      0x1c8 ./drivers/mss_sys_services/mss_sys_services.o
 .debug_aranges
                0x000004c8       0xe0 ./drivers/mss_spi/mss_spi.o
 .debug_aranges
                0x000005a8       0x80 ./drivers/mss_nvm/mss_nvm.o
 .debug_aranges
                0x00000628      0x128 ./drivers/mss_i2c/mss_i2c.o
 .debug_aranges
                0x00000750       0x80 ./drivers/mss_hpdma/mss_hpdma.o
 .debug_aranges
                0x000007d0       0x68 ./drivers/mss_gpio/mss_gpio.o
 .debug_aranges
                0x00000838       0xb8 ./drivers/CorePWM/core_pwm.o
 .debug_aranges
                0x000008f0      0x110 ./drivers/CoreI2C/core_i2c.o
 .debug_aranges
                0x00000a00       0x38 ./drivers/CoreI2C/i2c_interrupt.o
 .debug_aranges
                0x00000a38       0x78 ./drivers/CoreGPIO/core_gpio.o
 .debug_aranges
                0x00000ab0       0x38 ./FreeRTOS/portable/MemMang/heap_2.o
 .debug_aranges
                0x00000ae8       0x70 ./FreeRTOS/portable/GCC/ARM_CM3/port.o
 .debug_aranges
                0x00000b58       0x50 ./FreeRTOS/croutine.o
 .debug_aranges
                0x00000ba8       0x40 ./FreeRTOS/list.o
 .debug_aranges
                0x00000be8       0xb0 ./FreeRTOS/queue.o
 .debug_aranges
                0x00000c98      0x160 ./FreeRTOS/tasks.o
 .debug_aranges
                0x00000df8       0x88 ./FreeRTOS/timers.o
 .debug_aranges
                0x00000e80       0xa8 ./CMSIS/startup_gcc/newlib_stubs.o
 .debug_aranges
                0x00000f28       0x20 ./CMSIS/startup_gcc/startup_m2sxxx.o
 .debug_aranges
                0x00000f48       0x50 ./CMSIS/system_m2sxxx.o
 .debug_aranges
                0x00000f98       0x20 ./gpio_task.o
 .debug_aranges
                0x00000fb8       0x48 ./i2c.o
 .debug_aranges
                0x00001000       0x20 ./lcd.o
 .debug_aranges
                0x00001020       0x60 ./main.o
 .debug_aranges
                0x00001080       0x20 ./pwm_task.o
 .debug_aranges
                0x000010a0       0x50 ./spi.o
 .debug_aranges
                0x000010f0       0x30 ./standalone_task.o

.debug_pubnames
 *(.debug_pubnames)

.debug_info     0x00000000    0x1be23
 *(.debug_info .gnu.linkonce.wi.*)
 .debug_info    0x00000000       0x89 ./hal/CortexM3/GNU/hal.o
 .debug_info    0x00000089       0x93 ./hal/CortexM3/GNU/hw_reg_access.o
 .debug_info    0x0000011c      0x18f ./hal/CortexM3/cortex_nvic.o
 .debug_info    0x000002ab       0x96 ./drivers_config/sys_config/sys_config.o
 .debug_info    0x00000341     0x1cfe ./drivers/mss_uart/mss_uart.o
 .debug_info    0x0000203f      0xadb ./drivers/mss_sys_services/mss_comblk.o
 .debug_info    0x00002b1a     0x262d ./drivers/mss_sys_services/mss_sys_services.o
 .debug_info    0x00005147     0x1da8 ./drivers/mss_spi/mss_spi.o
 .debug_info    0x00006eef     0x11ce ./drivers/mss_nvm/mss_nvm.o
 .debug_info    0x000080bd     0x20ad ./drivers/mss_i2c/mss_i2c.o
 .debug_info    0x0000a16a     0x1145 ./drivers/mss_hpdma/mss_hpdma.o
 .debug_info    0x0000b2af     0x1004 ./drivers/mss_gpio/mss_gpio.o
 .debug_info    0x0000c2b3      0xadf ./drivers/CorePWM/core_pwm.o
 .debug_info    0x0000cd92     0x14ab ./drivers/CoreI2C/core_i2c.o
 .debug_info    0x0000e23d      0x743 ./drivers/CoreI2C/i2c_interrupt.o
 .debug_info    0x0000e980      0x5f6 ./drivers/CoreGPIO/core_gpio.o
 .debug_info    0x0000ef76      0xb01 ./FreeRTOS/portable/MemMang/heap_2.o
 .debug_info    0x0000fa77      0x1f8 ./FreeRTOS/portable/GCC/ARM_CM3/port.o
 .debug_info    0x0000fc6f      0x4b0 ./FreeRTOS/croutine.o
 .debug_info    0x0001011f      0xad3 ./FreeRTOS/list.o
 .debug_info    0x00010bf2      0xffe ./FreeRTOS/queue.o
 .debug_info    0x00011bf0     0x18e1 ./FreeRTOS/tasks.o
 .debug_info    0x000134d1      0x720 ./FreeRTOS/timers.o
 .debug_info    0x00013bf1     0x15ab ./CMSIS/startup_gcc/newlib_stubs.o
 .debug_info    0x0001519c       0x95 ./CMSIS/startup_gcc/startup_m2sxxx.o
 .debug_info    0x00015231      0xab9 ./CMSIS/system_m2sxxx.o
 .debug_info    0x00015cea      0xa71 ./gpio_task.o
 .debug_info    0x0001675b      0xf92 ./i2c.o
 .debug_info    0x000176ed      0x94e ./lcd.o
 .debug_info    0x0001803b     0x15f4 ./main.o
 .debug_info    0x0001962f      0x9ea ./pwm_task.o
 .debug_info    0x0001a019     0x10f1 ./spi.o
 .debug_info    0x0001b10a      0xd19 ./standalone_task.o

.debug_abbrev   0x00000000     0x4026
 *(.debug_abbrev)
 .debug_abbrev  0x00000000       0x14 ./hal/CortexM3/GNU/hal.o
 .debug_abbrev  0x00000014       0x14 ./hal/CortexM3/GNU/hw_reg_access.o
 .debug_abbrev  0x00000028       0x8b ./hal/CortexM3/cortex_nvic.o
 .debug_abbrev  0x000000b3       0x4e ./drivers_config/sys_config/sys_config.o
 .debug_abbrev  0x00000101      0x30c ./drivers/mss_uart/mss_uart.o
 .debug_abbrev  0x0000040d      0x1fc ./drivers/mss_sys_services/mss_comblk.o
 .debug_abbrev  0x00000609      0x31d ./drivers/mss_sys_services/mss_sys_services.o
 .debug_abbrev  0x00000926      0x311 ./drivers/mss_spi/mss_spi.o
 .debug_abbrev  0x00000c37      0x1cb ./drivers/mss_nvm/mss_nvm.o
 .debug_abbrev  0x00000e02      0x389 ./drivers/mss_i2c/mss_i2c.o
 .debug_abbrev  0x0000118b      0x269 ./drivers/mss_hpdma/mss_hpdma.o
 .debug_abbrev  0x000013f4      0x1bb ./drivers/mss_gpio/mss_gpio.o
 .debug_abbrev  0x000015af      0x186 ./drivers/CorePWM/core_pwm.o
 .debug_abbrev  0x00001735      0x2ac ./drivers/CoreI2C/core_i2c.o
 .debug_abbrev  0x000019e1      0x1a6 ./drivers/CoreI2C/i2c_interrupt.o
 .debug_abbrev  0x00001b87      0x15e ./drivers/CoreGPIO/core_gpio.o
 .debug_abbrev  0x00001ce5      0x287 ./FreeRTOS/portable/MemMang/heap_2.o
 .debug_abbrev  0x00001f6c      0x12c ./FreeRTOS/portable/GCC/ARM_CM3/port.o
 .debug_abbrev  0x00002098      0x199 ./FreeRTOS/croutine.o
 .debug_abbrev  0x00002231      0x1e9 ./FreeRTOS/list.o
 .debug_abbrev  0x0000241a      0x278 ./FreeRTOS/queue.o
 .debug_abbrev  0x00002692      0x32e ./FreeRTOS/tasks.o
 .debug_abbrev  0x000029c0      0x1a3 ./FreeRTOS/timers.o
 .debug_abbrev  0x00002b63      0x32f ./CMSIS/startup_gcc/newlib_stubs.o
 .debug_abbrev  0x00002e92       0x14 ./CMSIS/startup_gcc/startup_m2sxxx.o
 .debug_abbrev  0x00002ea6      0x190 ./CMSIS/system_m2sxxx.o
 .debug_abbrev  0x00003036      0x1f2 ./gpio_task.o
 .debug_abbrev  0x00003228      0x268 ./i2c.o
 .debug_abbrev  0x00003490      0x1e9 ./lcd.o
 .debug_abbrev  0x00003679      0x2dc ./main.o
 .debug_abbrev  0x00003955      0x20a ./pwm_task.o
 .debug_abbrev  0x00003b5f      0x23a ./spi.o
 .debug_abbrev  0x00003d99      0x28d ./standalone_task.o

.debug_line     0x00000000     0xb8e8
 *(.debug_line)
 .debug_line    0x00000000       0x4d ./hal/CortexM3/GNU/hal.o
 .debug_line    0x0000004d       0x8b ./hal/CortexM3/GNU/hw_reg_access.o
 .debug_line    0x000000d8      0x2c5 ./hal/CortexM3/cortex_nvic.o
 .debug_line    0x0000039d      0x2ce ./drivers_config/sys_config/sys_config.o
 .debug_line    0x0000066b      0xe7f ./drivers/mss_uart/mss_uart.o
 .debug_line    0x000014ea      0x587 ./drivers/mss_sys_services/mss_comblk.o
 .debug_line    0x00001a71      0xdee ./drivers/mss_sys_services/mss_sys_services.o
 .debug_line    0x0000285f      0x7fc ./drivers/mss_spi/mss_spi.o
 .debug_line    0x0000305b      0x6bc ./drivers/mss_nvm/mss_nvm.o
 .debug_line    0x00003717      0x85a ./drivers/mss_i2c/mss_i2c.o
 .debug_line    0x00003f71      0x490 ./drivers/mss_hpdma/mss_hpdma.o
 .debug_line    0x00004401      0x403 ./drivers/mss_gpio/mss_gpio.o
 .debug_line    0x00004804      0x797 ./drivers/CorePWM/core_pwm.o
 .debug_line    0x00004f9b      0x7b4 ./drivers/CoreI2C/core_i2c.o
 .debug_line    0x0000574f      0x419 ./drivers/CoreI2C/i2c_interrupt.o
 .debug_line    0x00005b68      0x50e ./drivers/CoreGPIO/core_gpio.o
 .debug_line    0x00006076      0x48c ./FreeRTOS/portable/MemMang/heap_2.o
 .debug_line    0x00006502      0x441 ./FreeRTOS/portable/GCC/ARM_CM3/port.o
 .debug_line    0x00006943      0x483 ./FreeRTOS/croutine.o
 .debug_line    0x00006dc6      0x452 ./FreeRTOS/list.o
 .debug_line    0x00007218      0x789 ./FreeRTOS/queue.o
 .debug_line    0x000079a1      0xbbe ./FreeRTOS/tasks.o
 .debug_line    0x0000855f      0x538 ./FreeRTOS/timers.o
 .debug_line    0x00008a97      0x5a5 ./CMSIS/startup_gcc/newlib_stubs.o
 .debug_line    0x0000903c      0x18e ./CMSIS/startup_gcc/startup_m2sxxx.o
 .debug_line    0x000091ca      0x37d ./CMSIS/system_m2sxxx.o
 .debug_line    0x00009547      0x52e ./gpio_task.o
 .debug_line    0x00009a75      0x3ff ./i2c.o
 .debug_line    0x00009e74      0x2fa ./lcd.o
 .debug_line    0x0000a16e      0x7d5 ./main.o
 .debug_line    0x0000a943      0x542 ./pwm_task.o
 .debug_line    0x0000ae85      0x4cd ./spi.o
 .debug_line    0x0000b352      0x596 ./standalone_task.o

.debug_frame    0x00000000     0x4bf8
 *(.debug_frame)
 .debug_frame   0x00000000       0xf8 ./hal/CortexM3/cortex_nvic.o
 .debug_frame   0x000000f8      0x820 ./drivers/mss_uart/mss_uart.o
 .debug_frame   0x00000918      0x240 ./drivers/mss_sys_services/mss_comblk.o
 .debug_frame   0x00000b58      0x7dc ./drivers/mss_sys_services/mss_sys_services.o
 .debug_frame   0x00001334      0x3c0 ./drivers/mss_spi/mss_spi.o
 .debug_frame   0x000016f4      0x208 ./drivers/mss_nvm/mss_nvm.o
 .debug_frame   0x000018fc      0x540 ./drivers/mss_i2c/mss_i2c.o
 .debug_frame   0x00001e3c      0x210 ./drivers/mss_hpdma/mss_hpdma.o
 .debug_frame   0x0000204c      0x198 ./drivers/mss_gpio/mss_gpio.o
 .debug_frame   0x000021e4      0x2e0 ./drivers/CorePWM/core_pwm.o
 .debug_frame   0x000024c4      0x480 ./drivers/CoreI2C/core_i2c.o
 .debug_frame   0x00002944       0xa8 ./drivers/CoreI2C/i2c_interrupt.o
 .debug_frame   0x000029ec      0x1c0 ./drivers/CoreGPIO/core_gpio.o
 .debug_frame   0x00002bac       0x98 ./FreeRTOS/portable/MemMang/heap_2.o
 .debug_frame   0x00002c44      0x148 ./FreeRTOS/portable/GCC/ARM_CM3/port.o
 .debug_frame   0x00002d8c      0x10c ./FreeRTOS/croutine.o
 .debug_frame   0x00002e98       0xd8 ./FreeRTOS/list.o
 .debug_frame   0x00002f70      0x2d0 ./FreeRTOS/queue.o
 .debug_frame   0x00003240      0x5e4 ./FreeRTOS/tasks.o
 .debug_frame   0x00003824      0x20c ./FreeRTOS/timers.o
 .debug_frame   0x00003a30      0x2a4 ./CMSIS/startup_gcc/newlib_stubs.o
 .debug_frame   0x00003cd4      0x10c ./CMSIS/system_m2sxxx.o
 .debug_frame   0x00003de0       0x30 ./gpio_task.o
 .debug_frame   0x00003e10       0xe4 ./i2c.o
 .debug_frame   0x00003ef4       0x38 ./lcd.o
 .debug_frame   0x00003f2c      0x124 ./main.o
 .debug_frame   0x00004050       0x30 ./pwm_task.o
 .debug_frame   0x00004080      0x108 ./spi.o
 .debug_frame   0x00004188       0x78 ./standalone_task.o
 .debug_frame   0x00004200       0x20 c:/microsemi/softconsole_v5.2/arm-none-eabi-gcc/bin/../lib/gcc/arm-none-eabi/6.3.1/../../../../arm-none-eabi/lib/thumb/v7-m\libg_nano.a(lib_a-errno.o)
 .debug_frame   0x00004220       0x28 c:/microsemi/softconsole_v5.2/arm-none-eabi-gcc/bin/../lib/gcc/arm-none-eabi/6.3.1/../../../../arm-none-eabi/lib/thumb/v7-m\libg_nano.a(lib_a-exit.o)
 .debug_frame   0x00004248       0x2c c:/microsemi/softconsole_v5.2/arm-none-eabi-gcc/bin/../lib/gcc/arm-none-eabi/6.3.1/../../../../arm-none-eabi/lib/thumb/v7-m\libg_nano.a(lib_a-init.o)
 .debug_frame   0x00004274       0x28 c:/microsemi/softconsole_v5.2/arm-none-eabi-gcc/bin/../lib/gcc/arm-none-eabi/6.3.1/../../../../arm-none-eabi/lib/thumb/v7-m\libg_nano.a(lib_a-memcmp.o)
 .debug_frame   0x0000429c       0x28 c:/microsemi/softconsole_v5.2/arm-none-eabi-gcc/bin/../lib/gcc/arm-none-eabi/6.3.1/../../../../arm-none-eabi/lib/thumb/v7-m\libg_nano.a(lib_a-memcpy-stub.o)
 .debug_frame   0x000042c4       0x20 c:/microsemi/softconsole_v5.2/arm-none-eabi-gcc/bin/../lib/gcc/arm-none-eabi/6.3.1/../../../../arm-none-eabi/lib/thumb/v7-m\libg_nano.a(lib_a-memset.o)
 .debug_frame   0x000042e4       0x74 c:/microsemi/softconsole_v5.2/arm-none-eabi-gcc/bin/../lib/gcc/arm-none-eabi/6.3.1/../../../../arm-none-eabi/lib/thumb/v7-m\libg_nano.a(lib_a-printf.o)
 .debug_frame   0x00004358       0x3c c:/microsemi/softconsole_v5.2/arm-none-eabi-gcc/bin/../lib/gcc/arm-none-eabi/6.3.1/../../../../arm-none-eabi/lib/thumb/v7-m\libg_nano.a(lib_a-puts.o)
 .debug_frame   0x00004394       0x70 c:/microsemi/softconsole_v5.2/arm-none-eabi-gcc/bin/../lib/gcc/arm-none-eabi/6.3.1/../../../../arm-none-eabi/lib/thumb/v7-m\libg_nano.a(lib_a-sprintf.o)
 .debug_frame   0x00004404       0x28 c:/microsemi/softconsole_v5.2/arm-none-eabi-gcc/bin/../lib/gcc/arm-none-eabi/6.3.1/../../../../arm-none-eabi/lib/thumb/v7-m\libg_nano.a(lib_a-strcat.o)
 .debug_frame   0x0000442c       0x2c c:/microsemi/softconsole_v5.2/arm-none-eabi-gcc/bin/../lib/gcc/arm-none-eabi/6.3.1/../../../../arm-none-eabi/lib/thumb/v7-m\libg_nano.a(lib_a-strncpy.o)
 .debug_frame   0x00004458       0x40 c:/microsemi/softconsole_v5.2/arm-none-eabi-gcc/bin/../lib/gcc/arm-none-eabi/6.3.1/../../../../arm-none-eabi/lib/thumb/v7-m\libg_nano.a(lib_a-wbuf.o)
 .debug_frame   0x00004498       0x2c c:/microsemi/softconsole_v5.2/arm-none-eabi-gcc/bin/../lib/gcc/arm-none-eabi/6.3.1/../../../../arm-none-eabi/lib/thumb/v7-m\libg_nano.a(lib_a-wsetup.o)
 .debug_frame   0x000044c4       0x68 c:/microsemi/softconsole_v5.2/arm-none-eabi-gcc/bin/../lib/gcc/arm-none-eabi/6.3.1/../../../../arm-none-eabi/lib/thumb/v7-m\libg_nano.a(lib_a-fflush.o)
 .debug_frame   0x0000452c      0x11c c:/microsemi/softconsole_v5.2/arm-none-eabi-gcc/bin/../lib/gcc/arm-none-eabi/6.3.1/../../../../arm-none-eabi/lib/thumb/v7-m\libg_nano.a(lib_a-findfp.o)
 .debug_frame   0x00004648       0x54 c:/microsemi/softconsole_v5.2/arm-none-eabi-gcc/bin/../lib/gcc/arm-none-eabi/6.3.1/../../../../arm-none-eabi/lib/thumb/v7-m\libg_nano.a(lib_a-fwalk.o)
 .debug_frame   0x0000469c       0x58 c:/microsemi/softconsole_v5.2/arm-none-eabi-gcc/bin/../lib/gcc/arm-none-eabi/6.3.1/../../../../arm-none-eabi/lib/thumb/v7-m\libg_nano.a(lib_a-makebuf.o)
 .debug_frame   0x000046f4       0x38 c:/microsemi/softconsole_v5.2/arm-none-eabi-gcc/bin/../lib/gcc/arm-none-eabi/6.3.1/../../../../arm-none-eabi/lib/thumb/v7-m\libg_nano.a(lib_a-nano-freer.o)
 .debug_frame   0x0000472c       0x2c c:/microsemi/softconsole_v5.2/arm-none-eabi-gcc/bin/../lib/gcc/arm-none-eabi/6.3.1/../../../../arm-none-eabi/lib/thumb/v7-m\libg_nano.a(lib_a-nano-mallocr.o)
 .debug_frame   0x00004758       0x90 c:/microsemi/softconsole_v5.2/arm-none-eabi-gcc/bin/../lib/gcc/arm-none-eabi/6.3.1/../../../../arm-none-eabi/lib/thumb/v7-m\libg_nano.a(lib_a-nano-svfprintf.o)
 .debug_frame   0x000047e8       0xac c:/microsemi/softconsole_v5.2/arm-none-eabi-gcc/bin/../lib/gcc/arm-none-eabi/6.3.1/../../../../arm-none-eabi/lib/thumb/v7-m\libg_nano.a(lib_a-nano-vfprintf.o)
 .debug_frame   0x00004894       0x60 c:/microsemi/softconsole_v5.2/arm-none-eabi-gcc/bin/../lib/gcc/arm-none-eabi/6.3.1/../../../../arm-none-eabi/lib/thumb/v7-m\libg_nano.a(lib_a-nano-vfprintf_i.o)
 .debug_frame   0x000048f4       0x2c c:/microsemi/softconsole_v5.2/arm-none-eabi-gcc/bin/../lib/gcc/arm-none-eabi/6.3.1/../../../../arm-none-eabi/lib/thumb/v7-m\libg_nano.a(lib_a-sbrkr.o)
 .debug_frame   0x00004920       0x88 c:/microsemi/softconsole_v5.2/arm-none-eabi-gcc/bin/../lib/gcc/arm-none-eabi/6.3.1/../../../../arm-none-eabi/lib/thumb/v7-m\libg_nano.a(lib_a-stdio.o)
 .debug_frame   0x000049a8       0x2c c:/microsemi/softconsole_v5.2/arm-none-eabi-gcc/bin/../lib/gcc/arm-none-eabi/6.3.1/../../../../arm-none-eabi/lib/thumb/v7-m\libg_nano.a(lib_a-closer.o)
 .debug_frame   0x000049d4       0x2c c:/microsemi/softconsole_v5.2/arm-none-eabi-gcc/bin/../lib/gcc/arm-none-eabi/6.3.1/../../../../arm-none-eabi/lib/thumb/v7-m\libg_nano.a(lib_a-fstatr.o)
 .debug_frame   0x00004a00       0x3c c:/microsemi/softconsole_v5.2/arm-none-eabi-gcc/bin/../lib/gcc/arm-none-eabi/6.3.1/../../../../arm-none-eabi/lib/thumb/v7-m\libg_nano.a(lib_a-fvwrite.o)
 .debug_frame   0x00004a3c       0x2c c:/microsemi/softconsole_v5.2/arm-none-eabi-gcc/bin/../lib/gcc/arm-none-eabi/6.3.1/../../../../arm-none-eabi/lib/thumb/v7-m\libg_nano.a(lib_a-isattyr.o)
 .debug_frame   0x00004a68       0x2c c:/microsemi/softconsole_v5.2/arm-none-eabi-gcc/bin/../lib/gcc/arm-none-eabi/6.3.1/../../../../arm-none-eabi/lib/thumb/v7-m\libg_nano.a(lib_a-lseekr.o)
 .debug_frame   0x00004a94       0x28 c:/microsemi/softconsole_v5.2/arm-none-eabi-gcc/bin/../lib/gcc/arm-none-eabi/6.3.1/../../../../arm-none-eabi/lib/thumb/v7-m\libg_nano.a(lib_a-memchr-stub.o)
 .debug_frame   0x00004abc       0x28 c:/microsemi/softconsole_v5.2/arm-none-eabi-gcc/bin/../lib/gcc/arm-none-eabi/6.3.1/../../../../arm-none-eabi/lib/thumb/v7-m\libg_nano.a(lib_a-memmove.o)
 .debug_frame   0x00004ae4       0x30 c:/microsemi/softconsole_v5.2/arm-none-eabi-gcc/bin/../lib/gcc/arm-none-eabi/6.3.1/../../../../arm-none-eabi/lib/thumb/v7-m\libg_nano.a(lib_a-mlock.o)
 .debug_frame   0x00004b14       0x3c c:/microsemi/softconsole_v5.2/arm-none-eabi-gcc/bin/../lib/gcc/arm-none-eabi/6.3.1/../../../../arm-none-eabi/lib/thumb/v7-m\libg_nano.a(lib_a-nano-reallocr.o)
 .debug_frame   0x00004b50       0x2c c:/microsemi/softconsole_v5.2/arm-none-eabi-gcc/bin/../lib/gcc/arm-none-eabi/6.3.1/../../../../arm-none-eabi/lib/thumb/v7-m\libg_nano.a(lib_a-readr.o)
 .debug_frame   0x00004b7c       0x5c c:/microsemi/softconsole_v5.2/arm-none-eabi-gcc/bin/../lib/gcc/arm-none-eabi/6.3.1/../../../../arm-none-eabi/lib/thumb/v7-m\libg_nano.a(lib_a-reent.o)
 .debug_frame   0x00004bd8       0x20 c:/microsemi/softconsole_v5.2/arm-none-eabi-gcc/bin/../lib/gcc/arm-none-eabi/6.3.1/../../../../arm-none-eabi/lib/thumb/v7-m\libg_nano.a(lib_a-nano-msizer.o)

.debug_str      0x00000000    0x1f873
 *(.debug_str)
 .debug_str     0x00000000     0x38a3 ./hal/CortexM3/cortex_nvic.o
                               0x3a40 (size before relaxing)
 .debug_str     0x000038a3     0x58aa ./drivers_config/sys_config/sys_config.o
                               0x8cd6 (size before relaxing)
 .debug_str     0x0000914d     0x25bb ./drivers/mss_uart/mss_uart.o
                               0xb6c6 (size before relaxing)
 .debug_str     0x0000b708      0x4b8 ./drivers/mss_sys_services/mss_comblk.o
                               0x9a9e (size before relaxing)
 .debug_str     0x0000bbc0     0x4c12 ./drivers/mss_sys_services/mss_sys_services.o
                               0xe7d0 (size before relaxing)
 .debug_str     0x000107d2      0xa86 ./drivers/mss_spi/mss_spi.o
                               0xd33b (size before relaxing)
 .debug_str     0x00011258      0xcb3 ./drivers/mss_nvm/mss_nvm.o
                               0xa472 (size before relaxing)
 .debug_str     0x00011f0b      0xbf7 ./drivers/mss_i2c/mss_i2c.o
                               0xd4a0 (size before relaxing)
 .debug_str     0x00012b02      0x754 ./drivers/mss_hpdma/mss_hpdma.o
                               0xa3b8 (size before relaxing)
 .debug_str     0x00013256      0x9e1 ./drivers/mss_gpio/mss_gpio.o
                               0xa60c (size before relaxing)
 .debug_str     0x00013c37     0x1592 ./drivers/CorePWM/core_pwm.o
                               0x4f80 (size before relaxing)
 .debug_str     0x000151c9      0x81c ./drivers/CoreI2C/core_i2c.o
                               0x7d8a (size before relaxing)
 .debug_str     0x000159e5       0x4d ./drivers/CoreI2C/i2c_interrupt.o
                               0x9ff8 (size before relaxing)
 .debug_str     0x00015a32      0x80b ./drivers/CoreGPIO/core_gpio.o
                               0x4b05 (size before relaxing)
 .debug_str     0x0001623d     0x2219 ./FreeRTOS/portable/MemMang/heap_2.o
                               0x8582 (size before relaxing)
 .debug_str     0x00018456      0x370 ./FreeRTOS/portable/GCC/ARM_CM3/port.o
                               0x5761 (size before relaxing)
 .debug_str     0x000187c6      0xa3d ./FreeRTOS/croutine.o
                               0x5e1e (size before relaxing)
 .debug_str     0x00019203       0x9b ./FreeRTOS/list.o
                               0x7ebf (size before relaxing)
 .debug_str     0x0001929e      0x5ec ./FreeRTOS/queue.o
                               0x8db5 (size before relaxing)
 .debug_str     0x0001988a     0x2985 ./FreeRTOS/tasks.o
                               0xac28 (size before relaxing)
 .debug_str     0x0001c20f      0xa2b ./FreeRTOS/timers.o
                               0x64f7 (size before relaxing)
 .debug_str     0x0001cc3a     0x1bd1 ./CMSIS/startup_gcc/newlib_stubs.o
                               0xeeb7 (size before relaxing)
 .debug_str     0x0001e80b      0x4ee ./CMSIS/system_m2sxxx.o
                               0x9985 (size before relaxing)
 .debug_str     0x0001ecf9      0x21a ./gpio_task.o
                               0x9393 (size before relaxing)
 .debug_str     0x0001ef13       0xf4 ./i2c.o
                               0xa78a (size before relaxing)
 .debug_str     0x0001f007       0x48 ./lcd.o
                               0x6bb7 (size before relaxing)
 .debug_str     0x0001f04f      0x725 ./main.o
                              0x12817 (size before relaxing)
 .debug_str     0x0001f774       0x17 ./pwm_task.o
                               0x8e14 (size before relaxing)
 .debug_str     0x0001f78b       0x49 ./spi.o
                               0xdd10 (size before relaxing)
 .debug_str     0x0001f7d4       0x9f ./standalone_task.o
                               0x9239 (size before relaxing)

.debug_loc
 *(.debug_loc)

.debug_macinfo
 *(.debug_macinfo)

.debug_weaknames
 *(.debug_weaknames)

.debug_funcnames
 *(.debug_funcnames)

.debug_typenames
 *(.debug_typenames)

.debug_varnames
 *(.debug_varnames)

.note.gnu.arm.ident
 *(.note.gnu.arm.ident)

.ARM.attributes
                0x00000000       0x29
 *(.ARM.attributes)
 .ARM.attributes
                0x00000000       0x1d c:/microsemi/softconsole_v5.2/arm-none-eabi-gcc/bin/../lib/gcc/arm-none-eabi/6.3.1/thumb/v7-m/crti.o
 .ARM.attributes
                0x0000001d       0x2d c:/microsemi/softconsole_v5.2/arm-none-eabi-gcc/bin/../lib/gcc/arm-none-eabi/6.3.1/thumb/v7-m/crtbegin.o
 .ARM.attributes
                0x0000004a       0x1b c:/microsemi/softconsole_v5.2/arm-none-eabi-gcc/bin/../lib/gcc/arm-none-eabi/6.3.1/../../../../arm-none-eabi/lib/thumb/v7-m/crt0.o
 .ARM.attributes
                0x00000065       0x21 ./hal/CortexM3/GNU/hal.o
 .ARM.attributes
                0x00000086       0x21 ./hal/CortexM3/GNU/hw_reg_access.o
 .ARM.attributes
                0x000000a7       0x33 ./hal/CortexM3/cortex_nvic.o
 .ARM.attributes
                0x000000da       0x33 ./drivers_config/sys_config/sys_config.o
 .ARM.attributes
                0x0000010d       0x33 ./drivers/mss_uart/mss_uart.o
 .ARM.attributes
                0x00000140       0x33 ./drivers/mss_sys_services/mss_comblk.o
 .ARM.attributes
                0x00000173       0x33 ./drivers/mss_sys_services/mss_sys_services.o
 .ARM.attributes
                0x000001a6       0x33 ./drivers/mss_spi/mss_spi.o
 .ARM.attributes
                0x000001d9       0x33 ./drivers/mss_nvm/mss_nvm.o
 .ARM.attributes
                0x0000020c       0x33 ./drivers/mss_i2c/mss_i2c.o
 .ARM.attributes
                0x0000023f       0x33 ./drivers/mss_hpdma/mss_hpdma.o
 .ARM.attributes
                0x00000272       0x33 ./drivers/mss_gpio/mss_gpio.o
 .ARM.attributes
                0x000002a5       0x33 ./drivers/CorePWM/core_pwm.o
 .ARM.attributes
                0x000002d8       0x33 ./drivers/CoreI2C/core_i2c.o
 .ARM.attributes
                0x0000030b       0x33 ./drivers/CoreI2C/i2c_interrupt.o
 .ARM.attributes
                0x0000033e       0x33 ./drivers/CoreGPIO/core_gpio.o
 .ARM.attributes
                0x00000371       0x33 ./FreeRTOS/portable/MemMang/heap_2.o
 .ARM.attributes
                0x000003a4       0x33 ./FreeRTOS/portable/GCC/ARM_CM3/port.o
 .ARM.attributes
                0x000003d7       0x33 ./FreeRTOS/croutine.o
 .ARM.attributes
                0x0000040a       0x33 ./FreeRTOS/list.o
 .ARM.attributes
                0x0000043d       0x33 ./FreeRTOS/queue.o
 .ARM.attributes
                0x00000470       0x33 ./FreeRTOS/tasks.o
 .ARM.attributes
                0x000004a3       0x33 ./FreeRTOS/timers.o
 .ARM.attributes
                0x000004d6       0x33 ./CMSIS/startup_gcc/newlib_stubs.o
 .ARM.attributes
                0x00000509       0x21 ./CMSIS/startup_gcc/startup_m2sxxx.o
 .ARM.attributes
                0x0000052a       0x33 ./CMSIS/system_m2sxxx.o
 .ARM.attributes
                0x0000055d       0x33 ./gpio_task.o
 .ARM.attributes
                0x00000590       0x33 ./i2c.o
 .ARM.attributes
                0x000005c3       0x33 ./lcd.o
 .ARM.attributes
                0x000005f6       0x33 ./main.o
 .ARM.attributes
                0x00000629       0x33 ./pwm_task.o
 .ARM.attributes
                0x0000065c       0x33 ./spi.o
 .ARM.attributes
                0x0000068f       0x33 ./standalone_task.o
 .ARM.attributes
                0x000006c2       0x2d c:/microsemi/softconsole_v5.2/arm-none-eabi-gcc/bin/../lib/gcc/arm-none-eabi/6.3.1/../../../../arm-none-eabi/lib/thumb/v7-m\libg_nano.a(lib_a-errno.o)
 .ARM.attributes
                0x000006ef       0x2d c:/microsemi/softconsole_v5.2/arm-none-eabi-gcc/bin/../lib/gcc/arm-none-eabi/6.3.1/../../../../arm-none-eabi/lib/thumb/v7-m\libg_nano.a(lib_a-exit.o)
 .ARM.attributes
                0x0000071c       0x2d c:/microsemi/softconsole_v5.2/arm-none-eabi-gcc/bin/../lib/gcc/arm-none-eabi/6.3.1/../../../../arm-none-eabi/lib/thumb/v7-m\libg_nano.a(lib_a-impure.o)
 .ARM.attributes
                0x00000749       0x2d c:/microsemi/softconsole_v5.2/arm-none-eabi-gcc/bin/../lib/gcc/arm-none-eabi/6.3.1/../../../../arm-none-eabi/lib/thumb/v7-m\libg_nano.a(lib_a-init.o)
 .ARM.attributes
                0x00000776       0x2d c:/microsemi/softconsole_v5.2/arm-none-eabi-gcc/bin/../lib/gcc/arm-none-eabi/6.3.1/../../../../arm-none-eabi/lib/thumb/v7-m\libg_nano.a(lib_a-memcmp.o)
 .ARM.attributes
                0x000007a3       0x2d c:/microsemi/softconsole_v5.2/arm-none-eabi-gcc/bin/../lib/gcc/arm-none-eabi/6.3.1/../../../../arm-none-eabi/lib/thumb/v7-m\libg_nano.a(lib_a-memcpy-stub.o)
 .ARM.attributes
                0x000007d0       0x2d c:/microsemi/softconsole_v5.2/arm-none-eabi-gcc/bin/../lib/gcc/arm-none-eabi/6.3.1/../../../../arm-none-eabi/lib/thumb/v7-m\libg_nano.a(lib_a-memset.o)
 .ARM.attributes
                0x000007fd       0x2d c:/microsemi/softconsole_v5.2/arm-none-eabi-gcc/bin/../lib/gcc/arm-none-eabi/6.3.1/../../../../arm-none-eabi/lib/thumb/v7-m\libg_nano.a(lib_a-printf.o)
 .ARM.attributes
                0x0000082a       0x2d c:/microsemi/softconsole_v5.2/arm-none-eabi-gcc/bin/../lib/gcc/arm-none-eabi/6.3.1/../../../../arm-none-eabi/lib/thumb/v7-m\libg_nano.a(lib_a-puts.o)
 .ARM.attributes
                0x00000857       0x2d c:/microsemi/softconsole_v5.2/arm-none-eabi-gcc/bin/../lib/gcc/arm-none-eabi/6.3.1/../../../../arm-none-eabi/lib/thumb/v7-m\libg_nano.a(lib_a-sprintf.o)
 .ARM.attributes
                0x00000884       0x2d c:/microsemi/softconsole_v5.2/arm-none-eabi-gcc/bin/../lib/gcc/arm-none-eabi/6.3.1/../../../../arm-none-eabi/lib/thumb/v7-m\libg_nano.a(lib_a-strcat.o)
 .ARM.attributes
                0x000008b1       0x17 c:/microsemi/softconsole_v5.2/arm-none-eabi-gcc/bin/../lib/gcc/arm-none-eabi/6.3.1/../../../../arm-none-eabi/lib/thumb/v7-m\libg_nano.a(lib_a-strlen.o)
 .ARM.attributes
                0x000008c8       0x2d c:/microsemi/softconsole_v5.2/arm-none-eabi-gcc/bin/../lib/gcc/arm-none-eabi/6.3.1/../../../../arm-none-eabi/lib/thumb/v7-m\libg_nano.a(lib_a-strncpy.o)
 .ARM.attributes
                0x000008f5       0x2d c:/microsemi/softconsole_v5.2/arm-none-eabi-gcc/bin/../lib/gcc/arm-none-eabi/6.3.1/../../../../arm-none-eabi/lib/thumb/v7-m\libg_nano.a(lib_a-wbuf.o)
 .ARM.attributes
                0x00000922       0x2d c:/microsemi/softconsole_v5.2/arm-none-eabi-gcc/bin/../lib/gcc/arm-none-eabi/6.3.1/../../../../arm-none-eabi/lib/thumb/v7-m\libg_nano.a(lib_a-wsetup.o)
 .ARM.attributes
                0x0000094f       0x2d c:/microsemi/softconsole_v5.2/arm-none-eabi-gcc/bin/../lib/gcc/arm-none-eabi/6.3.1/../../../../arm-none-eabi/lib/thumb/v7-m\libg_nano.a(lib_a-fflush.o)
 .ARM.attributes
                0x0000097c       0x2d c:/microsemi/softconsole_v5.2/arm-none-eabi-gcc/bin/../lib/gcc/arm-none-eabi/6.3.1/../../../../arm-none-eabi/lib/thumb/v7-m\libg_nano.a(lib_a-findfp.o)
 .ARM.attributes
                0x000009a9       0x2d c:/microsemi/softconsole_v5.2/arm-none-eabi-gcc/bin/../lib/gcc/arm-none-eabi/6.3.1/../../../../arm-none-eabi/lib/thumb/v7-m\libg_nano.a(lib_a-fwalk.o)
 .ARM.attributes
                0x000009d6       0x2d c:/microsemi/softconsole_v5.2/arm-none-eabi-gcc/bin/../lib/gcc/arm-none-eabi/6.3.1/../../../../arm-none-eabi/lib/thumb/v7-m\libg_nano.a(lib_a-makebuf.o)
 .ARM.attributes
                0x00000a03       0x2d c:/microsemi/softconsole_v5.2/arm-none-eabi-gcc/bin/../lib/gcc/arm-none-eabi/6.3.1/../../../../arm-none-eabi/lib/thumb/v7-m\libg_nano.a(lib_a-nano-freer.o)
 .ARM.attributes
                0x00000a30       0x2d c:/microsemi/softconsole_v5.2/arm-none-eabi-gcc/bin/../lib/gcc/arm-none-eabi/6.3.1/../../../../arm-none-eabi/lib/thumb/v7-m\libg_nano.a(lib_a-nano-mallocr.o)
 .ARM.attributes
                0x00000a5d       0x2d c:/microsemi/softconsole_v5.2/arm-none-eabi-gcc/bin/../lib/gcc/arm-none-eabi/6.3.1/../../../../arm-none-eabi/lib/thumb/v7-m\libg_nano.a(lib_a-nano-svfprintf.o)
 .ARM.attributes
                0x00000a8a       0x2d c:/microsemi/softconsole_v5.2/arm-none-eabi-gcc/bin/../lib/gcc/arm-none-eabi/6.3.1/../../../../arm-none-eabi/lib/thumb/v7-m\libg_nano.a(lib_a-nano-vfprintf.o)
 .ARM.attributes
                0x00000ab7       0x2d c:/microsemi/softconsole_v5.2/arm-none-eabi-gcc/bin/../lib/gcc/arm-none-eabi/6.3.1/../../../../arm-none-eabi/lib/thumb/v7-m\libg_nano.a(lib_a-nano-vfprintf_i.o)
 .ARM.attributes
                0x00000ae4       0x2d c:/microsemi/softconsole_v5.2/arm-none-eabi-gcc/bin/../lib/gcc/arm-none-eabi/6.3.1/../../../../arm-none-eabi/lib/thumb/v7-m\libg_nano.a(lib_a-sbrkr.o)
 .ARM.attributes
                0x00000b11       0x2d c:/microsemi/softconsole_v5.2/arm-none-eabi-gcc/bin/../lib/gcc/arm-none-eabi/6.3.1/../../../../arm-none-eabi/lib/thumb/v7-m\libg_nano.a(lib_a-stdio.o)
 .ARM.attributes
                0x00000b3e       0x2d c:/microsemi/softconsole_v5.2/arm-none-eabi-gcc/bin/../lib/gcc/arm-none-eabi/6.3.1/../../../../arm-none-eabi/lib/thumb/v7-m\libg_nano.a(lib_a-closer.o)
 .ARM.attributes
                0x00000b6b       0x2d c:/microsemi/softconsole_v5.2/arm-none-eabi-gcc/bin/../lib/gcc/arm-none-eabi/6.3.1/../../../../arm-none-eabi/lib/thumb/v7-m\libg_nano.a(lib_a-fstatr.o)
 .ARM.attributes
                0x00000b98       0x2d c:/microsemi/softconsole_v5.2/arm-none-eabi-gcc/bin/../lib/gcc/arm-none-eabi/6.3.1/../../../../arm-none-eabi/lib/thumb/v7-m\libg_nano.a(lib_a-fvwrite.o)
 .ARM.attributes
                0x00000bc5       0x2d c:/microsemi/softconsole_v5.2/arm-none-eabi-gcc/bin/../lib/gcc/arm-none-eabi/6.3.1/../../../../arm-none-eabi/lib/thumb/v7-m\libg_nano.a(lib_a-isattyr.o)
 .ARM.attributes
                0x00000bf2       0x2d c:/microsemi/softconsole_v5.2/arm-none-eabi-gcc/bin/../lib/gcc/arm-none-eabi/6.3.1/../../../../arm-none-eabi/lib/thumb/v7-m\libg_nano.a(lib_a-lseekr.o)
 .ARM.attributes
                0x00000c1f       0x2d c:/microsemi/softconsole_v5.2/arm-none-eabi-gcc/bin/../lib/gcc/arm-none-eabi/6.3.1/../../../../arm-none-eabi/lib/thumb/v7-m\libg_nano.a(lib_a-memchr-stub.o)
 .ARM.attributes
                0x00000c4c       0x2d c:/microsemi/softconsole_v5.2/arm-none-eabi-gcc/bin/../lib/gcc/arm-none-eabi/6.3.1/../../../../arm-none-eabi/lib/thumb/v7-m\libg_nano.a(lib_a-memmove.o)
 .ARM.attributes