*****************************************************************
Pin Report - Date: Fri Jul 07 15:14:03 2023 Pinchecksum: NOT-AVAILABLE
Product: Designer
Release: v11.9 SP6
Version: 11.9.6.7
Design Name: FPGA_SoC
Family: SmartFusion2
Die: M2S010T
Package: 256 VF
*****************************************************************

Port         |Pin |Fixed |Function                                   |Bank     |I/O Std   |Direction                      |I/O state in Flash*Freeze mode |Resistor Pull                      |I/O available in Flash*Freeze mode |Schmitt Trigger |Odt_Static    |Odt Imp (Ohm)  |Low Power Exit |Input Delay |Slew         |Pre-Emphasis      |Output Drive (mA) |Output Load (pF) |
-------------|----|------|-------------------------------------------|---------|----------|-------------------------------|-------------------------------|-----------------------------------|-----------------------------------|----------------|--------------|---------------|---------------|------------|-------------|------------------|------------------|-----------------|
DEVRST_N      M11  Fixed  DEVRST_N                                    ---       
GPIO_0_M2F    M15  Yes    MSIO0PB2                                    Bank2     LVCMOS33   Output                          TRISTATE                        None                                No                                  ---              ---            ---             ---             ---          ---           ---                4                  5                 
GPIO_OUT[0]   M16  Yes    MSIO1NB2/USB_DIR_B                          Bank2     LVCMOS33   Output                          TRISTATE                        None                                No                                  ---              ---            ---             ---             ---          ---           ---                4                  5                 
I2C_1_SCL     H16  Yes    MSIO11NB2/I2C_1_SCL/GPIO_1_A/CCC_NE0_CLKI2  Bank2     LVCMOS33   Inout                           TRISTATE                        None                                No                                  Off              ---            ---             Off             Off          ---           ---                4                  5                 
I2C_1_SDA     J16  Yes    MSIO11PB2/I2C_1_SDA/GPIO_0_A/CCC_NE0_CLKI1  Bank2     LVCMOS33   Inout                           TRISTATE                        None                                No                                  Off              ---            ---             Off             Off          ---           ---                4                  5                 
lcd_clk_out   J14  Yes    MSIO12PB2/SPI_0_CLK                         Bank2     LVCMOS33   Output                          TRISTATE                        None                                No                                  ---              ---            ---             ---             ---          ---           ---                4                  5                 
lcd_cs_out    J12  Yes    MSIO13NB2/SPI_0_SS0/GPIO_7_A                Bank2     LVCMOS33   Output                          TRISTATE                        None                                No                                  ---              ---            ---             ---             ---          ---           ---                4                  5                 
lcd_data_out  K12  Yes    MSIO13PB2/SPI_0_SDO/GPIO_6_A                Bank2     LVCMOS33   Output                          TRISTATE                        None                                No                                  ---              ---            ---             ---             ---          ---           ---                4                  5                 
lcd_dc_out    H14  Yes    MSIO18PB2/GPIO_8_A                          Bank2     LVCMOS33   Output                          TRISTATE                        None                                No                                  ---              ---            ---             ---             ---          ---           ---                4                  5                 
LED2          N14  Yes    MSIO2PB2/USB_STP_B                          Bank2     LVCMOS33   Output                          TRISTATE                        None                                No                                  ---              ---            ---             ---             ---          ---           ---                4                  5                 
MMUART_0_RXD  G13  Yes    MSIO27PB1/MMUART_0_RXD/GPIO_28_B            Bank1     LVCMOS33   Input                           TRISTATE                        None                                No                                  Off              ---            ---             Off             Off          ---           ---                ---                ---               
MMUART_0_TXD  G12  Yes    MSI26NB1/MMUART_0_TXD/GPIO_27_B             Bank1     LVCMOS33   Output                          TRISTATE                        None                                No                                  ---              ---            ---             ---             ---          ---           ---                4                  5                 
MMUART_1_RXD  H13  Yes    MSIO22NB1/MMUART_1_RXD/GPIO_26_B            Bank1     LVCMOS33   Input                           TRISTATE                        None                                No                                  Off              ---            ---             Off             Off          ---           ---                ---                ---               
MMUART_1_TXD  H12  Yes    MSIO21NB1/MMUART_1_TXD/GPIO_24_B            Bank1     LVCMOS33   Output                          TRISTATE                        None                                No                                  ---              ---            ---             ---             ---          ---           ---                4                  5                 
PWM[0]        G1   Yes    MSIO79PB7/GB1                               Bank7     LVCMOS33   Output                          TRISTATE                        None                                No                                  ---              ---            ---             ---             ---          ---           ---                4                  5                 
PWM[1]        G2   Yes    MSIO80NB7                                   Bank7     LVCMOS33   Output                          TRISTATE                        None                                No                                  ---              ---            ---             ---             ---          ---           ---                4                  5                 
PWM[2]        H3   Yes    MSIO81PB7                                   Bank7     LVCMOS33   Output                          TRISTATE                        None                                No                                  ---              ---            ---             ---             ---          ---           ---                4                  5                 
PWM[3]        G5   Yes    MSIO75PB7                                   Bank7     LVCMOS33   Output                          TRISTATE                        None                                No                                  ---              ---            ---             ---             ---          ---           ---                4                  5                 
pwm_0         F2   Yes    MSIO79NB7                                   Bank7     LVCMOS33   Output                          TRISTATE                        None                                No                                  ---              ---            ---             ---             ---          ---           ---                4                  5                 
pwm_1         F3   Yes    MSIO78NB7                                   Bank7     LVCMOS33   Output                          TRISTATE                        None                                No                                  ---              ---            ---             ---             ---          ---           ---                4                  5                 
pwm_2         F4   Yes    MSIO78PB7/GB2                               Bank7     LVCMOS33   Output                          TRISTATE                        None                                No                                  ---              ---            ---             ---             ---          ---           ---                4                  5                 
pwm_3         F5   Yes    MSIO75NB7                                   Bank7     LVCMOS33   Output                          TRISTATE                        None                                No                                  ---              ---            ---             ---             ---          ---           ---                4                  5                 
